// Vitest Snapshot v1, https://vitest.dev/guide/snapshot.html

exports[`CardViewFilters > renders dialog correctly 1`] = `
<body>
  <div>
    <table
      class="MuiTable-root MuiGrid-root MuiGrid-container MuiGrid-item css-1uc6v0-MuiTable-root-MuiGrid-root"
    >
      <thead
        class="MuiTableHead-root MuiGrid-root MuiGrid-container MuiGrid-item css-1pr0ogz-MuiTableHead-root-MuiGrid-root"
      >
        <tr
          class="MuiTableRow-root MuiTableRow-head MuiGrid-root MuiGrid-container MuiGrid-item css-hb19md-MuiTableRow-root-MuiGrid-root"
        >
          <th
            aria-sort="none"
            class="MuiTableCell-root MuiTableCell-head MuiTableCell-alignLeft MuiTableCell-sizeMedium css-u9cvxd-MuiTableCell-root"
            colspan="1"
            data-can-sort="true"
            data-index="0"
            scope="col"
          >
            <div
              class="Mui-TableHeadCell-Content MuiBox-root css-1w86f15"
            >
              <div
                class="Mui-TableHeadCell-Content-Labels MuiBox-root css-68rqdf"
              >
                <div
                  class="Mui-TableHeadCell-Content-Wrapper MuiBox-root css-lapokc"
                >
                  Name
                </div>
                <span
                  aria-label="Sort by Name ascending"
                  class="MuiBadge-root css-1c32n2y-MuiBadge-root"
                  data-mui-internal-clone-element="true"
                >
                  <span
                    aria-label="Sort by Name ascending"
                    class="MuiButtonBase-root MuiTableSortLabel-root Mui-active css-118d58w-MuiButtonBase-root-MuiTableSortLabel-root"
                    role="button"
                    tabindex="0"
                  >
                    <svg
                      aria-hidden="true"
                      class="MuiSvgIcon-root MuiSvgIcon-fontSizeMedium MuiTableSortLabel-icon MuiTableSortLabel-iconDirectionAsc css-1vweko9-MuiSvgIcon-root-MuiTableSortLabel-icon"
                      data-testid="SyncAltIcon"
                      focusable="false"
                      style="transform: rotate(-90deg) scaleX(0.9) translateX(-1px);"
                      viewBox="0 0 24 24"
                    >
                      <path
                        d="m18 12 4-4-4-4v3H3v2h15zM6 12l-4 4 4 4v-3h15v-2H6z"
                      />
                    </svg>
                  </span>
                  <span
                    class="MuiBadge-badge MuiBadge-standard MuiBadge-invisible MuiBadge-anchorOriginTopRight MuiBadge-anchorOriginTopRightCircular MuiBadge-overlapCircular css-2v5rxe-MuiBadge-badge"
                  >
                    0
                  </span>
                </span>
              </div>
              <div
                class="Mui-TableHeadCell-Content-Actions MuiBox-root css-epvm6"
              >
                <button
                  aria-label="Column Actions"
                  class="MuiButtonBase-root MuiIconButton-root MuiIconButton-sizeSmall css-1p8dotb-MuiButtonBase-root-MuiIconButton-root"
                  data-mui-internal-clone-element="true"
                  tabindex="0"
                  type="button"
                >
                  <svg
                    aria-hidden="true"
                    class="MuiSvgIcon-root MuiSvgIcon-fontSizeMedium css-i4bv87-MuiSvgIcon-root"
                    data-testid="MoreVertIcon"
                    focusable="false"
                    style="transform: scale(0.9);"
                    viewBox="0 0 24 24"
                  >
                    <path
                      d="M12 8c1.1 0 2-.9 2-2s-.9-2-2-2-2 .9-2 2 .9 2 2 2m0 2c-1.1 0-2 .9-2 2s.9 2 2 2 2-.9 2-2-.9-2-2-2m0 6c-1.1 0-2 .9-2 2s.9 2 2 2 2-.9 2-2-.9-2-2-2"
                    />
                  </svg>
                  <span
                    class="MuiTouchRipple-root css-8je8zh-MuiTouchRipple-root"
                  />
                </button>
              </div>
            </div>
          </th>
          <th
            aria-sort="none"
            class="MuiTableCell-root MuiTableCell-head MuiTableCell-alignLeft MuiTableCell-sizeMedium css-1mo3a7w-MuiTableCell-root"
            colspan="1"
            data-can-sort="true"
            data-index="1"
            scope="col"
          >
            <div
              class="Mui-TableHeadCell-Content MuiBox-root css-1w86f15"
            >
              <div
                class="Mui-TableHeadCell-Content-Labels MuiBox-root css-68rqdf"
              >
                <div
                  class="Mui-TableHeadCell-Content-Wrapper MuiBox-root css-lapokc"
                >
                  Description
                </div>
                <span
                  aria-label="Sort by Description ascending"
                  class="MuiBadge-root css-1c32n2y-MuiBadge-root"
                  data-mui-internal-clone-element="true"
                >
                  <span
                    aria-label="Sort by Description ascending"
                    class="MuiButtonBase-root MuiTableSortLabel-root Mui-active css-118d58w-MuiButtonBase-root-MuiTableSortLabel-root"
                    role="button"
                    tabindex="0"
                  >
                    <svg
                      aria-hidden="true"
                      class="MuiSvgIcon-root MuiSvgIcon-fontSizeMedium MuiTableSortLabel-icon MuiTableSortLabel-iconDirectionAsc css-1vweko9-MuiSvgIcon-root-MuiTableSortLabel-icon"
                      data-testid="SyncAltIcon"
                      focusable="false"
                      style="transform: rotate(-90deg) scaleX(0.9) translateX(-1px);"
                      viewBox="0 0 24 24"
                    >
                      <path
                        d="m18 12 4-4-4-4v3H3v2h15zM6 12l-4 4 4 4v-3h15v-2H6z"
                      />
                    </svg>
                  </span>
                  <span
                    class="MuiBadge-badge MuiBadge-standard MuiBadge-invisible MuiBadge-anchorOriginTopRight MuiBadge-anchorOriginTopRightCircular MuiBadge-overlapCircular css-2v5rxe-MuiBadge-badge"
                  >
                    0
                  </span>
                </span>
              </div>
              <div
                class="Mui-TableHeadCell-Content-Actions MuiBox-root css-epvm6"
              >
                <button
                  aria-label="Column Actions"
                  class="MuiButtonBase-root MuiIconButton-root MuiIconButton-sizeSmall css-1p8dotb-MuiButtonBase-root-MuiIconButton-root"
                  data-mui-internal-clone-element="true"
                  tabindex="0"
                  type="button"
                >
                  <svg
                    aria-hidden="true"
                    class="MuiSvgIcon-root MuiSvgIcon-fontSizeMedium css-i4bv87-MuiSvgIcon-root"
                    data-testid="MoreVertIcon"
                    focusable="false"
                    style="transform: scale(0.9);"
                    viewBox="0 0 24 24"
                  >
                    <path
                      d="M12 8c1.1 0 2-.9 2-2s-.9-2-2-2-2 .9-2 2 .9 2 2 2m0 2c-1.1 0-2 .9-2 2s.9 2 2 2 2-.9 2-2-.9-2-2-2m0 6c-1.1 0-2 .9-2 2s.9 2 2 2 2-.9 2-2-.9-2-2-2"
                    />
                  </svg>
                  <span
                    class="MuiTouchRipple-root css-8je8zh-MuiTouchRipple-root"
                  />
                </button>
              </div>
            </div>
          </th>
        </tr>
      </thead>
    </table>
  </div>
</body>
`;
