// Jest Snapshot v1, https://goo.gl/fbAQLP

exports[`Catalogue Items Table renders the dense table correctly 1`] = `
<DocumentFragment>
  <div
    style="width: 100%;"
  >
    <div
      class="MuiPaper-root MuiPaper-elevation MuiPaper-rounded MuiPaper-elevation2 css-1atu56z-MuiPaper-root"
    >
      <div
        class="MuiTableContainer-root css-14c53ac-MuiTableContainer-root"
      >
        <table
          class="MuiTable-root MuiTable-stickyHeader css-1y6k1sx-MuiTable-root"
          style="--header-mrt_row_expand-size: 60; --col-mrt_row_expand-size: 60; --header-mrt_row_select-size: 60; --col-mrt_row_select-size: 60; --header-Name-size: 1000; --col-Name-size: 1000;"
        >
          <thead
            class="MuiTableHead-root css-dk8izd-MuiTableHead-root"
          >
            <tr
              class="MuiTableRow-root MuiTableRow-head css-7sv680-MuiTableRow-root"
            >
              <th
                class="MuiTableCell-root MuiTableCell-head MuiTableCell-stickyHeader MuiTableCell-alignLeft MuiTableCell-sizeMedium css-14ibfyy-MuiTableCell-root"
                colspan="1"
                data-index="0"
                scope="col"
              >
                <div
                  class="Mui-TableHeadCell-Content MuiBox-root css-1w86f15"
                >
                  <div
                    class="Mui-TableHeadCell-Content-Labels MuiBox-root css-4ng264"
                  >
                    <div
                      class="Mui-TableHeadCell-Content-Wrapper MuiBox-root css-bbxzxe"
                    >
                      <span
                        aria-label="Expand all"
                        class=""
                        data-mui-internal-clone-element="true"
                      >
                        <button
                          aria-label="Expand all"
                          class="MuiButtonBase-root MuiIconButton-root MuiIconButton-sizeMedium css-1kc7if3-MuiButtonBase-root-MuiIconButton-root"
                          tabindex="0"
                          type="button"
                        >
                          <svg
                            aria-hidden="true"
                            class="MuiSvgIcon-root MuiSvgIcon-fontSizeMedium css-i4bv87-MuiSvgIcon-root"
                            data-testid="KeyboardDoubleArrowDownIcon"
                            focusable="false"
                            style="transform: rotate(0deg); transition: transform 150ms;"
                            viewBox="0 0 24 24"
                          >
                            <path
                              d="M18 6.41 16.59 5 12 9.58 7.41 5 6 6.41l6 6z"
                            />
                            <path
                              d="m18 13-1.41-1.41L12 16.17l-4.59-4.58L6 13l6 6z"
                            />
                          </svg>
                          <span
                            class="MuiTouchRipple-root css-8je8zh-MuiTouchRipple-root"
                          />
                        </button>
                      </span>
                    </div>
                  </div>
                  <div
                    class="Mui-TableHeadCell-Content-Actions MuiBox-root css-epvm6"
                  />
                </div>
              </th>
              <th
                class="MuiTableCell-root MuiTableCell-head MuiTableCell-stickyHeader MuiTableCell-alignLeft MuiTableCell-sizeMedium css-h8gbz7-MuiTableCell-root"
                colspan="1"
                data-index="1"
                scope="col"
              >
                <div
                  class="Mui-TableHeadCell-Content MuiBox-root css-1w86f15"
                >
                  <div
                    class="Mui-TableHeadCell-Content-Labels MuiBox-root css-4ng264"
                  >
                    <div
                      class="Mui-TableHeadCell-Content-Wrapper MuiBox-root css-bbxzxe"
                    >
                      Select
                    </div>
                  </div>
                  <div
                    class="Mui-TableHeadCell-Content-Actions MuiBox-root css-epvm6"
                  />
                </div>
              </th>
              <th
                class="MuiTableCell-root MuiTableCell-head MuiTableCell-stickyHeader MuiTableCell-alignLeft MuiTableCell-sizeMedium css-em432r-MuiTableCell-root"
                colspan="1"
                data-index="2"
                scope="col"
              >
                <div
                  class="Mui-TableHeadCell-Content MuiBox-root css-1w86f15"
                >
                  <div
                    class="Mui-TableHeadCell-Content-Labels MuiBox-root css-68rqdf"
                  >
                    <div
                      class="Mui-TableHeadCell-Content-Wrapper MuiBox-root css-lapokc"
                      title="Name"
                    >
                      Name
                    </div>
                    <span
                      aria-label="Sort by Name ascending"
                      class="MuiBadge-root css-1c32n2y-MuiBadge-root"
                      data-mui-internal-clone-element="true"
                    >
                      <span
                        aria-label="Sort by Name ascending"
                        class="MuiButtonBase-root MuiTableSortLabel-root Mui-active css-118d58w-MuiButtonBase-root-MuiTableSortLabel-root"
                        role="button"
                        tabindex="0"
                      >
                        <svg
                          aria-hidden="true"
                          class="MuiSvgIcon-root MuiSvgIcon-fontSizeMedium MuiTableSortLabel-icon MuiTableSortLabel-iconDirectionAsc css-1vweko9-MuiSvgIcon-root-MuiTableSortLabel-icon"
                          data-testid="SyncAltIcon"
                          focusable="false"
                          style="transform: rotate(-90deg) scaleX(0.9) translateX(-1px);"
                          viewBox="0 0 24 24"
                        >
                          <path
                            d="m18 12 4-4-4-4v3H3v2h15zM6 12l-4 4 4 4v-3h15v-2H6z"
                          />
                        </svg>
                      </span>
                      <span
                        class="MuiBadge-badge MuiBadge-standard MuiBadge-invisible MuiBadge-anchorOriginTopRight MuiBadge-anchorOriginTopRightCircular MuiBadge-overlapCircular css-2v5rxe-MuiBadge-badge"
                      >
                        0
                      </span>
                    </span>
                  </div>
                  <div
                    class="Mui-TableHeadCell-Content-Actions MuiBox-root css-epvm6"
                  >
                    <button
                      aria-label="Column Actions"
                      class="MuiButtonBase-root MuiIconButton-root MuiIconButton-sizeSmall css-1p8dotb-MuiButtonBase-root-MuiIconButton-root"
                      data-mui-internal-clone-element="true"
                      tabindex="0"
                      type="button"
                    >
                      <svg
                        aria-hidden="true"
                        class="MuiSvgIcon-root MuiSvgIcon-fontSizeMedium css-i4bv87-MuiSvgIcon-root"
                        data-testid="MoreVertIcon"
                        focusable="false"
                        style="transform: scale(0.9);"
                        viewBox="0 0 24 24"
                      >
                        <path
                          d="M12 8c1.1 0 2-.9 2-2s-.9-2-2-2-2 .9-2 2 .9 2 2 2m0 2c-1.1 0-2 .9-2 2s.9 2 2 2 2-.9 2-2-.9-2-2-2m0 6c-1.1 0-2 .9-2 2s.9 2 2 2 2-.9 2-2-.9-2-2-2"
                        />
                      </svg>
                      <span
                        class="MuiTouchRipple-root css-8je8zh-MuiTouchRipple-root"
                      />
                    </button>
                  </div>
                </div>
                <div
                  class="MuiCollapse-root MuiCollapse-vertical MuiCollapse-entered css-pwcg7p-MuiCollapse-root"
                  style="min-height: 0px;"
                >
                  <div
                    class="MuiCollapse-wrapper MuiCollapse-vertical css-smkl36-MuiCollapse-wrapper"
                  >
                    <div
                      class="MuiCollapse-wrapperInner MuiCollapse-vertical css-9l5vo-MuiCollapse-wrapperInner"
                    >
                      <div
                        class="MuiFormControl-root MuiFormControl-fullWidth MuiTextField-root css-jk1t0h-MuiFormControl-root-MuiTextField-root"
                      >
                        <div
                          class="MuiInputBase-root MuiInput-root MuiInput-underline MuiInputBase-colorPrimary MuiInputBase-fullWidth MuiInputBase-formControl MuiInputBase-adornedEnd css-953pxc-MuiInputBase-root-MuiInput-root"
                        >
                          <input
                            aria-invalid="false"
                            aria-label="Filter by Name"
                            autocomplete="new-password"
                            class="MuiInputBase-input MuiInput-input MuiInputBase-inputAdornedEnd css-929hxt-MuiInputBase-input-MuiInput-input"
                            id=":r1j1:"
                            placeholder="Filter by Name"
                            title="Filter by Name"
                            type="text"
                            value=""
                          />
                          <div
                            class="MuiInputAdornment-root MuiInputAdornment-positionEnd MuiInputAdornment-standard MuiInputAdornment-sizeMedium css-1laqsz7-MuiInputAdornment-root"
                          >
                            <span
                              aria-label="Clear filter"
                              class=""
                              data-mui-internal-clone-element="true"
                            >
                              <button
                                aria-label="Clear filter"
                                class="MuiButtonBase-root Mui-disabled MuiIconButton-root Mui-disabled MuiIconButton-sizeSmall css-1so9ih7-MuiButtonBase-root-MuiIconButton-root"
                                disabled=""
                                tabindex="-1"
                                type="button"
                              >
                                <svg
                                  aria-hidden="true"
                                  class="MuiSvgIcon-root MuiSvgIcon-fontSizeMedium css-i4bv87-MuiSvgIcon-root"
                                  data-testid="CloseIcon"
                                  focusable="false"
                                  viewBox="0 0 24 24"
                                >
                                  <path
                                    d="M19 6.41 17.59 5 12 10.59 6.41 5 5 6.41 10.59 12 5 17.59 6.41 19 12 13.41 17.59 19 19 17.59 13.41 12z"
                                  />
                                </svg>
                              </button>
                            </span>
                          </div>
                        </div>
                      </div>
                    </div>
                  </div>
                </div>
              </th>
            </tr>
          </thead>
          <tbody
            class="MuiTableBody-root css-29nbga-MuiTableBody-root"
          >
            <tr
              aria-label="Energy Meters 26 row"
              class="MuiTableRow-root MuiTableRow-root css-d8ckq8-MuiTableRow-root-MuiTableRow-root"
              data-index="0"
              role="row"
            >
              <td
                class="MuiTableCell-root MuiTableCell-body MuiTableCell-alignLeft MuiTableCell-sizeMedium css-4ezobj-MuiTableCell-root"
                data-index="0"
              >
                <span
                  aria-label="Expand"
                  class=""
                  data-mui-internal-clone-element="true"
                >
                  <button
                    aria-label="Expand"
                    class="MuiButtonBase-root MuiIconButton-root MuiIconButton-sizeMedium css-ejxhte-MuiButtonBase-root-MuiIconButton-root"
                    tabindex="0"
                    type="button"
                  >
                    <svg
                      aria-hidden="true"
                      class="MuiSvgIcon-root MuiSvgIcon-fontSizeMedium css-i4bv87-MuiSvgIcon-root"
                      data-testid="ExpandMoreIcon"
                      focusable="false"
                      style="transform: rotate(0deg); transition: transform 150ms;"
                      viewBox="0 0 24 24"
                    >
                      <path
                        d="M16.59 8.59 12 13.17 7.41 8.59 6 10l6 6 6-6z"
                      />
                    </svg>
                    <span
                      class="MuiTouchRipple-root css-8je8zh-MuiTouchRipple-root"
                    />
                  </button>
                </span>
              </td>
              <td
                class="MuiTableCell-root MuiTableCell-body MuiTableCell-alignLeft MuiTableCell-sizeMedium css-1olknkk-MuiTableCell-root"
                data-index="1"
              >
                <span
                  aria-label="Toggle select row"
                  class="MuiButtonBase-root MuiRadio-root MuiRadio-colorPrimary PrivateSwitchBase-root MuiRadio-root MuiRadio-colorPrimary MuiRadio-root MuiRadio-colorPrimary css-1ezkbdg-MuiButtonBase-root-MuiRadio-root"
                  data-mui-internal-clone-element="true"
                >
                  <input
                    aria-label="Toggle select row"
                    class="PrivateSwitchBase-input css-1m9pwf3"
                    type="radio"
                    value=""
                  />
                  <span
                    class="css-hyxlzm"
                  >
                    <svg
                      aria-hidden="true"
                      class="MuiSvgIcon-root MuiSvgIcon-fontSizeMedium css-1hbvpl3-MuiSvgIcon-root"
                      data-testid="RadioButtonUncheckedIcon"
                      focusable="false"
                      viewBox="0 0 24 24"
                    >
                      <path
                        d="M12 2C6.48 2 2 6.48 2 12s4.48 10 10 10 10-4.48 10-10S17.52 2 12 2zm0 18c-4.42 0-8-3.58-8-8s3.58-8 8-8 8 3.58 8 8-3.58 8-8 8z"
                      />
                    </svg>
                    <svg
                      aria-hidden="true"
                      class="MuiSvgIcon-root MuiSvgIcon-fontSizeMedium css-1hhw7if-MuiSvgIcon-root"
                      data-testid="RadioButtonCheckedIcon"
                      focusable="false"
                      viewBox="0 0 24 24"
                    >
                      <path
                        d="M8.465 8.465C9.37 7.56 10.62 7 12 7C14.76 7 17 9.24 17 12C17 13.38 16.44 14.63 15.535 15.535C14.63 16.44 13.38 17 12 17C9.24 17 7 14.76 7 12C7 10.62 7.56 9.37 8.465 8.465Z"
                      />
                    </svg>
                  </span>
                  <span
                    class="MuiTouchRipple-root css-8je8zh-MuiTouchRipple-root"
                  />
                </span>
              </td>
              <td
                class="MuiTableCell-root MuiTableCell-body MuiTableCell-alignLeft MuiTableCell-sizeMedium css-m078ay-MuiTableCell-root"
                data-index="2"
              >
                <p
                  class="MuiTypography-root MuiTypography-body1 css-1mdftu-MuiTypography-root"
                >
                  Energy Meters 26
                </p>
              </td>
            </tr>
            <tr
              aria-label="Energy Meters 26 row"
              class="MuiTableRow-root MuiTableRow-root Mui-TableBodyCell-DetailPanel css-1jlps88-MuiTableRow-root-MuiTableRow-root"
              data-index="1"
              role="row"
            >
              <td
                class="MuiTableCell-root MuiTableCell-body MuiTableCell-sizeMedium Mui-TableBodyCell-DetailPanel css-1ycogj1-MuiTableCell-root"
                colspan="3"
              />
            </tr>
            <tr
              aria-label="Energy Meters 27 row"
              class="MuiTableRow-root MuiTableRow-root css-d8ckq8-MuiTableRow-root-MuiTableRow-root"
              data-index="2"
              role="row"
            >
              <td
                class="MuiTableCell-root MuiTableCell-body MuiTableCell-alignLeft MuiTableCell-sizeMedium css-4ezobj-MuiTableCell-root"
                data-index="0"
              >
                <span
                  aria-label="Expand"
                  class=""
                  data-mui-internal-clone-element="true"
                >
                  <button
                    aria-label="Expand"
                    class="MuiButtonBase-root MuiIconButton-root MuiIconButton-sizeMedium css-ejxhte-MuiButtonBase-root-MuiIconButton-root"
                    tabindex="0"
                    type="button"
                  >
                    <svg
                      aria-hidden="true"
                      class="MuiSvgIcon-root MuiSvgIcon-fontSizeMedium css-i4bv87-MuiSvgIcon-root"
                      data-testid="ExpandMoreIcon"
                      focusable="false"
                      style="transform: rotate(0deg); transition: transform 150ms;"
                      viewBox="0 0 24 24"
                    >
                      <path
                        d="M16.59 8.59 12 13.17 7.41 8.59 6 10l6 6 6-6z"
                      />
                    </svg>
                    <span
                      class="MuiTouchRipple-root css-8je8zh-MuiTouchRipple-root"
                    />
                  </button>
                </span>
              </td>
              <td
                class="MuiTableCell-root MuiTableCell-body MuiTableCell-alignLeft MuiTableCell-sizeMedium css-1olknkk-MuiTableCell-root"
                data-index="1"
              >
                <span
                  aria-label="Toggle select row"
                  class="MuiButtonBase-root MuiRadio-root MuiRadio-colorPrimary PrivateSwitchBase-root MuiRadio-root MuiRadio-colorPrimary MuiRadio-root MuiRadio-colorPrimary css-1ezkbdg-MuiButtonBase-root-MuiRadio-root"
                  data-mui-internal-clone-element="true"
                >
                  <input
                    aria-label="Toggle select row"
                    class="PrivateSwitchBase-input css-1m9pwf3"
                    type="radio"
                    value=""
                  />
                  <span
                    class="css-hyxlzm"
                  >
                    <svg
                      aria-hidden="true"
                      class="MuiSvgIcon-root MuiSvgIcon-fontSizeMedium css-1hbvpl3-MuiSvgIcon-root"
                      data-testid="RadioButtonUncheckedIcon"
                      focusable="false"
                      viewBox="0 0 24 24"
                    >
                      <path
                        d="M12 2C6.48 2 2 6.48 2 12s4.48 10 10 10 10-4.48 10-10S17.52 2 12 2zm0 18c-4.42 0-8-3.58-8-8s3.58-8 8-8 8 3.58 8 8-3.58 8-8 8z"
                      />
                    </svg>
                    <svg
                      aria-hidden="true"
                      class="MuiSvgIcon-root MuiSvgIcon-fontSizeMedium css-1hhw7if-MuiSvgIcon-root"
                      data-testid="RadioButtonCheckedIcon"
                      focusable="false"
                      viewBox="0 0 24 24"
                    >
                      <path
                        d="M8.465 8.465C9.37 7.56 10.62 7 12 7C14.76 7 17 9.24 17 12C17 13.38 16.44 14.63 15.535 15.535C14.63 16.44 13.38 17 12 17C9.24 17 7 14.76 7 12C7 10.62 7.56 9.37 8.465 8.465Z"
                      />
                    </svg>
                  </span>
                  <span
                    class="MuiTouchRipple-root css-8je8zh-MuiTouchRipple-root"
                  />
                </span>
              </td>
              <td
                class="MuiTableCell-root MuiTableCell-body MuiTableCell-alignLeft MuiTableCell-sizeMedium css-m078ay-MuiTableCell-root"
                data-index="2"
              >
                <p
                  class="MuiTypography-root MuiTypography-body1 css-1mdftu-MuiTypography-root"
                >
                  Energy Meters 27
                </p>
              </td>
            </tr>
            <tr
              aria-label="Energy Meters 27 row"
              class="MuiTableRow-root MuiTableRow-root Mui-TableBodyCell-DetailPanel css-1jlps88-MuiTableRow-root-MuiTableRow-root"
              data-index="3"
              role="row"
            >
              <td
                class="MuiTableCell-root MuiTableCell-body MuiTableCell-sizeMedium Mui-TableBodyCell-DetailPanel css-1ycogj1-MuiTableCell-root"
                colspan="3"
              />
            </tr>
            <tr
              aria-label="Energy Meters 28 row"
              class="MuiTableRow-root MuiTableRow-root css-d8ckq8-MuiTableRow-root-MuiTableRow-root"
              data-index="4"
              role="row"
            >
              <td
                class="MuiTableCell-root MuiTableCell-body MuiTableCell-alignLeft MuiTableCell-sizeMedium css-4ezobj-MuiTableCell-root"
                data-index="0"
              >
                <span
                  aria-label="Expand"
                  class=""
                  data-mui-internal-clone-element="true"
                >
                  <button
                    aria-label="Expand"
                    class="MuiButtonBase-root MuiIconButton-root MuiIconButton-sizeMedium css-ejxhte-MuiButtonBase-root-MuiIconButton-root"
                    tabindex="0"
                    type="button"
                  >
                    <svg
                      aria-hidden="true"
                      class="MuiSvgIcon-root MuiSvgIcon-fontSizeMedium css-i4bv87-MuiSvgIcon-root"
                      data-testid="ExpandMoreIcon"
                      focusable="false"
                      style="transform: rotate(0deg); transition: transform 150ms;"
                      viewBox="0 0 24 24"
                    >
                      <path
                        d="M16.59 8.59 12 13.17 7.41 8.59 6 10l6 6 6-6z"
                      />
                    </svg>
                    <span
                      class="MuiTouchRipple-root css-8je8zh-MuiTouchRipple-root"
                    />
                  </button>
                </span>
              </td>
              <td
                class="MuiTableCell-root MuiTableCell-body MuiTableCell-alignLeft MuiTableCell-sizeMedium css-1olknkk-MuiTableCell-root"
                data-index="1"
              >
                <span
                  aria-label="Toggle select row"
                  class="MuiButtonBase-root MuiRadio-root MuiRadio-colorPrimary PrivateSwitchBase-root MuiRadio-root MuiRadio-colorPrimary MuiRadio-root MuiRadio-colorPrimary css-1ezkbdg-MuiButtonBase-root-MuiRadio-root"
                  data-mui-internal-clone-element="true"
                >
                  <input
                    aria-label="Toggle select row"
                    class="PrivateSwitchBase-input css-1m9pwf3"
                    type="radio"
                    value=""
                  />
                  <span
                    class="css-hyxlzm"
                  >
                    <svg
                      aria-hidden="true"
                      class="MuiSvgIcon-root MuiSvgIcon-fontSizeMedium css-1hbvpl3-MuiSvgIcon-root"
                      data-testid="RadioButtonUncheckedIcon"
                      focusable="false"
                      viewBox="0 0 24 24"
                    >
                      <path
                        d="M12 2C6.48 2 2 6.48 2 12s4.48 10 10 10 10-4.48 10-10S17.52 2 12 2zm0 18c-4.42 0-8-3.58-8-8s3.58-8 8-8 8 3.58 8 8-3.58 8-8 8z"
                      />
                    </svg>
                    <svg
                      aria-hidden="true"
                      class="MuiSvgIcon-root MuiSvgIcon-fontSizeMedium css-1hhw7if-MuiSvgIcon-root"
                      data-testid="RadioButtonCheckedIcon"
                      focusable="false"
                      viewBox="0 0 24 24"
                    >
                      <path
                        d="M8.465 8.465C9.37 7.56 10.62 7 12 7C14.76 7 17 9.24 17 12C17 13.38 16.44 14.63 15.535 15.535C14.63 16.44 13.38 17 12 17C9.24 17 7 14.76 7 12C7 10.62 7.56 9.37 8.465 8.465Z"
                      />
                    </svg>
                  </span>
                  <span
                    class="MuiTouchRipple-root css-8je8zh-MuiTouchRipple-root"
                  />
                </span>
              </td>
              <td
                class="MuiTableCell-root MuiTableCell-body MuiTableCell-alignLeft MuiTableCell-sizeMedium css-m078ay-MuiTableCell-root"
                data-index="2"
              >
                <p
                  class="MuiTypography-root MuiTypography-body1 css-1mdftu-MuiTypography-root"
                >
                  Energy Meters 28
                </p>
              </td>
            </tr>
            <tr
              aria-label="Energy Meters 28 row"
              class="MuiTableRow-root MuiTableRow-root Mui-TableBodyCell-DetailPanel css-1jlps88-MuiTableRow-root-MuiTableRow-root"
              data-index="5"
              role="row"
            >
              <td
                class="MuiTableCell-root MuiTableCell-body MuiTableCell-sizeMedium Mui-TableBodyCell-DetailPanel css-1ycogj1-MuiTableCell-root"
                colspan="3"
              />
            </tr>
            <tr
              aria-label="Energy Meters 29 row"
              class="MuiTableRow-root MuiTableRow-root css-d8ckq8-MuiTableRow-root-MuiTableRow-root"
              data-index="6"
              role="row"
            >
              <td
                class="MuiTableCell-root MuiTableCell-body MuiTableCell-alignLeft MuiTableCell-sizeMedium css-4ezobj-MuiTableCell-root"
                data-index="0"
              >
                <span
                  aria-label="Expand"
                  class=""
                  data-mui-internal-clone-element="true"
                >
                  <button
                    aria-label="Expand"
                    class="MuiButtonBase-root MuiIconButton-root MuiIconButton-sizeMedium css-ejxhte-MuiButtonBase-root-MuiIconButton-root"
                    tabindex="0"
                    type="button"
                  >
                    <svg
                      aria-hidden="true"
                      class="MuiSvgIcon-root MuiSvgIcon-fontSizeMedium css-i4bv87-MuiSvgIcon-root"
                      data-testid="ExpandMoreIcon"
                      focusable="false"
                      style="transform: rotate(0deg); transition: transform 150ms;"
                      viewBox="0 0 24 24"
                    >
                      <path
                        d="M16.59 8.59 12 13.17 7.41 8.59 6 10l6 6 6-6z"
                      />
                    </svg>
                    <span
                      class="MuiTouchRipple-root css-8je8zh-MuiTouchRipple-root"
                    />
                  </button>
                </span>
              </td>
              <td
                class="MuiTableCell-root MuiTableCell-body MuiTableCell-alignLeft MuiTableCell-sizeMedium css-1olknkk-MuiTableCell-root"
                data-index="1"
              >
                <span
                  aria-label="Toggle select row"
                  class="MuiButtonBase-root MuiRadio-root MuiRadio-colorPrimary PrivateSwitchBase-root MuiRadio-root MuiRadio-colorPrimary MuiRadio-root MuiRadio-colorPrimary css-1ezkbdg-MuiButtonBase-root-MuiRadio-root"
                  data-mui-internal-clone-element="true"
                >
                  <input
                    aria-label="Toggle select row"
                    class="PrivateSwitchBase-input css-1m9pwf3"
                    type="radio"
                    value=""
                  />
                  <span
                    class="css-hyxlzm"
                  >
                    <svg
                      aria-hidden="true"
                      class="MuiSvgIcon-root MuiSvgIcon-fontSizeMedium css-1hbvpl3-MuiSvgIcon-root"
                      data-testid="RadioButtonUncheckedIcon"
                      focusable="false"
                      viewBox="0 0 24 24"
                    >
                      <path
                        d="M12 2C6.48 2 2 6.48 2 12s4.48 10 10 10 10-4.48 10-10S17.52 2 12 2zm0 18c-4.42 0-8-3.58-8-8s3.58-8 8-8 8 3.58 8 8-3.58 8-8 8z"
                      />
                    </svg>
                    <svg
                      aria-hidden="true"
                      class="MuiSvgIcon-root MuiSvgIcon-fontSizeMedium css-1hhw7if-MuiSvgIcon-root"
                      data-testid="RadioButtonCheckedIcon"
                      focusable="false"
                      viewBox="0 0 24 24"
                    >
                      <path
                        d="M8.465 8.465C9.37 7.56 10.62 7 12 7C14.76 7 17 9.24 17 12C17 13.38 16.44 14.63 15.535 15.535C14.63 16.44 13.38 17 12 17C9.24 17 7 14.76 7 12C7 10.62 7.56 9.37 8.465 8.465Z"
                      />
                    </svg>
                  </span>
                  <span
                    class="MuiTouchRipple-root css-8je8zh-MuiTouchRipple-root"
                  />
                </span>
              </td>
              <td
                class="MuiTableCell-root MuiTableCell-body MuiTableCell-alignLeft MuiTableCell-sizeMedium css-m078ay-MuiTableCell-root"
                data-index="2"
              >
                <p
                  class="MuiTypography-root MuiTypography-body1 css-1mdftu-MuiTypography-root"
                >
                  Energy Meters 29
                </p>
              </td>
            </tr>
            <tr
              aria-label="Energy Meters 29 row"
              class="MuiTableRow-root MuiTableRow-root Mui-TableBodyCell-DetailPanel css-1jlps88-MuiTableRow-root-MuiTableRow-root"
              data-index="7"
              role="row"
            >
              <td
                class="MuiTableCell-root MuiTableCell-body MuiTableCell-sizeMedium Mui-TableBodyCell-DetailPanel css-1ycogj1-MuiTableCell-root"
                colspan="3"
              />
            </tr>
          </tbody>
          <tfoot
            class="MuiTableFooter-root css-131pszo-MuiTableFooter-root"
          />
        </table>
      </div>
      <div
        class="MuiBox-root css-10gei56"
      >
        <div
          class="MuiCollapse-root MuiCollapse-vertical css-nly5v0-MuiCollapse-root"
          style="min-height: 0px; height: 0px; transition-duration: 300ms;"
        >
          <div
            class="MuiCollapse-wrapper MuiCollapse-vertical css-smkl36-MuiCollapse-wrapper"
          >
            <div
              class="MuiCollapse-wrapperInner MuiCollapse-vertical css-9l5vo-MuiCollapse-wrapperInner"
            >
              <span
                aria-busy="true"
                aria-label="Loading"
                class="MuiLinearProgress-root MuiLinearProgress-colorPrimary MuiLinearProgress-indeterminate css-qprkun-MuiLinearProgress-root"
                role="progressbar"
              >
                <span
                  class="MuiLinearProgress-bar MuiLinearProgress-barColorPrimary MuiLinearProgress-bar1Indeterminate css-5ir5xx-MuiLinearProgress-bar1"
                />
                <span
                  class="MuiLinearProgress-bar MuiLinearProgress-barColorPrimary MuiLinearProgress-bar2Indeterminate css-1r8wrcl-MuiLinearProgress-bar2"
                />
              </span>
            </div>
          </div>
        </div>
        <div
          class="MuiCollapse-root MuiCollapse-vertical MuiCollapse-hidden css-bz4dnt-MuiCollapse-root"
          style="min-height: 0px;"
        >
          <div
            class="MuiCollapse-wrapper MuiCollapse-vertical css-smkl36-MuiCollapse-wrapper"
          >
            <div
              class="MuiCollapse-wrapperInner MuiCollapse-vertical css-9l5vo-MuiCollapse-wrapperInner"
            >
              <div
                class="MuiPaper-root MuiPaper-elevation MuiPaper-rounded MuiPaper-elevation0 MuiAlert-root MuiAlert-standardInfo MuiAlert-standard css-gvra48-MuiPaper-root-MuiAlert-root"
                role="alert"
              >
                <div
                  class="MuiAlert-message css-1pxa9xg-MuiAlert-message"
                >
                  <div
                    class="MuiStack-root css-5kul5x-MuiStack-root"
                  >
                    <div
                      class="MuiBox-root css-k008qs"
                    >
                       
                    </div>
                  </div>
                </div>
              </div>
            </div>
          </div>
        </div>
        <div
          class="MuiBox-root css-1llu0od"
        >
          <span />
          <div
            class="MuiBox-root css-qpxlqp"
          >
            <div
              class="MuiTablePagination-root MuiBox-root css-8k4lth"
            >
              <div
                class="MuiBox-root css-exd1zr"
              >
                <label
                  class="MuiFormLabel-root MuiInputLabel-root MuiInputLabel-animated MuiFormLabel-colorPrimary MuiInputLabel-root MuiInputLabel-animated css-uqq6zz-MuiFormLabel-root-MuiInputLabel-root"
                  for="mrt-rows-per-page"
                >
                  Rows per page
                </label>
                <div
                  class="MuiInputBase-root MuiInput-root MuiInputBase-colorPrimary  css-1mmm5cp-MuiInputBase-root-MuiInput-root-MuiSelect-root"
                >
                  <div
                    aria-controls=":r1j3:"
                    aria-expanded="false"
                    aria-haspopup="listbox"
                    aria-label="Rows per page"
                    class="MuiSelect-select MuiSelect-standard MuiInputBase-input MuiInput-input css-1rxz5jq-MuiSelect-select-MuiInputBase-input-MuiInput-input"
                    role="combobox"
                    tabindex="0"
                  >
                    5
                  </div>
                  <input
                    aria-hidden="true"
                    aria-invalid="false"
                    class="MuiSelect-nativeInput css-yf8vq0-MuiSelect-nativeInput"
                    id="mrt-rows-per-page"
                    tabindex="-1"
                    value="5"
                  />
                  <svg
                    aria-hidden="true"
                    class="MuiSvgIcon-root MuiSvgIcon-fontSizeMedium MuiSelect-icon MuiSelect-iconStandard css-pqjvzy-MuiSvgIcon-root-MuiSelect-icon"
                    data-testid="ArrowDropDownIcon"
                    focusable="false"
                    viewBox="0 0 24 24"
                  >
                    <path
                      d="M7 10l5 5 5-5z"
                    />
                  </svg>
                </div>
              </div>
              <nav
                aria-label="pagination navigation"
                class="MuiPagination-root MuiPagination-outlined css-1oj2twp-MuiPagination-root"
              >
                <ul
                  class="MuiPagination-ul css-wjh20t-MuiPagination-ul"
                >
                  <li>
                    <button
                      aria-label="Go to previous page"
                      class="MuiButtonBase-root Mui-disabled MuiPaginationItem-root MuiPaginationItem-sizeMedium MuiPaginationItem-outlined MuiPaginationItem-rounded MuiPaginationItem-colorSecondary MuiPaginationItem-outlinedSecondary Mui-disabled MuiPaginationItem-previousNext css-iqeo3-MuiButtonBase-root-MuiPaginationItem-root"
                      disabled=""
                      tabindex="-1"
                      type="button"
                    >
                      <svg
                        aria-hidden="true"
                        class="MuiSvgIcon-root MuiSvgIcon-fontSizeMedium MuiPaginationItem-icon css-g2z002-MuiSvgIcon-root-MuiPaginationItem-icon"
                        data-testid="ChevronLeftIcon"
                        focusable="false"
                        viewBox="0 0 24 24"
                      >
                        <path
                          d="M15.41 7.41 14 6l-6 6 6 6 1.41-1.41L10.83 12z"
                        />
                      </svg>
                    </button>
                  </li>
                  <li>
                    <button
                      aria-current="true"
                      aria-label="page 1"
                      class="MuiButtonBase-root MuiPaginationItem-root MuiPaginationItem-sizeMedium MuiPaginationItem-outlined MuiPaginationItem-rounded MuiPaginationItem-colorSecondary MuiPaginationItem-outlinedSecondary Mui-selected MuiPaginationItem-page css-iqeo3-MuiButtonBase-root-MuiPaginationItem-root"
                      tabindex="0"
                      type="button"
                    >
                      1
                      <span
                        class="MuiTouchRipple-root css-8je8zh-MuiTouchRipple-root"
                      />
                    </button>
                  </li>
                  <li>
                    <button
                      aria-label="Go to next page"
                      class="MuiButtonBase-root Mui-disabled MuiPaginationItem-root MuiPaginationItem-sizeMedium MuiPaginationItem-outlined MuiPaginationItem-rounded MuiPaginationItem-colorSecondary MuiPaginationItem-outlinedSecondary Mui-disabled MuiPaginationItem-previousNext css-iqeo3-MuiButtonBase-root-MuiPaginationItem-root"
                      disabled=""
                      tabindex="-1"
                      type="button"
                    >
                      <svg
                        aria-hidden="true"
                        class="MuiSvgIcon-root MuiSvgIcon-fontSizeMedium MuiPaginationItem-icon css-g2z002-MuiSvgIcon-root-MuiPaginationItem-icon"
                        data-testid="ChevronRightIcon"
                        focusable="false"
                        viewBox="0 0 24 24"
                      >
                        <path
                          d="M10 6 8.59 7.41 13.17 12l-4.58 4.59L10 18l6-6z"
                        />
                      </svg>
                    </button>
                  </li>
                </ul>
              </nav>
            </div>
          </div>
        </div>
      </div>
    </div>
  </div>
</DocumentFragment>
`;
