// Vitest Snapshot v1, https://vitest.dev/guide/snapshot.html

exports[`AdminCardView > renders admin card view correctly 1`] = `
<DocumentFragment>
  <div
    class="MuiGrid-root MuiGrid-container css-k6wrnl-MuiGrid-root"
  >
    <div
      class="MuiGrid-root MuiGrid-container MuiGrid-item MuiGrid-grid-xs-12 css-le9sc4-MuiGrid-root"
    >
      <div
        class="MuiGrid-root MuiGrid-item MuiGrid-grid-xs-12 MuiGrid-grid-sm-6 css-1b3l6lk-MuiGrid-root"
      >
        <a
          class="MuiButtonBase-root MuiButton-root MuiButton-text MuiButton-textPrimary MuiButton-sizeMedium MuiButton-textSizeMedium MuiButton-colorPrimary MuiButton-fullWidth MuiButton-root MuiButton-text MuiButton-textPrimary MuiButton-sizeMedium MuiButton-textSizeMedium MuiButton-colorPrimary MuiButton-fullWidth css-q760su-MuiButtonBase-root-MuiButton-root"
          href="/units"
          tabindex="0"
        >
          <div
            class="MuiPaper-root MuiPaper-elevation MuiPaper-rounded MuiPaper-elevation1 MuiCard-root css-siqlql-MuiPaper-root-MuiCard-root"
          >
            <div
              class="MuiCardContent-root css-lo1d59-MuiCardContent-root"
            >
              <div
                class="MuiGrid-root css-vj1n65-MuiGrid-root"
              >
                <div
                  class="MuiGrid-root css-13qkvwv-MuiGrid-root"
                >
                  <p
                    class="MuiTypography-root MuiTypography-body1 css-ahj2mt-MuiTypography-root"
                  >
                    Units
                  </p>
                </div>
              </div>
            </div>
          </div>
          <span
            class="MuiTouchRipple-root css-8je8zh-MuiTouchRipple-root"
          />
        </a>
      </div>
      <div
        class="MuiGrid-root MuiGrid-item MuiGrid-grid-xs-12 MuiGrid-grid-sm-6 css-1b3l6lk-MuiGrid-root"
      >
        <a
          class="MuiButtonBase-root MuiButton-root MuiButton-text MuiButton-textPrimary MuiButton-sizeMedium MuiButton-textSizeMedium MuiButton-colorPrimary MuiButton-fullWidth MuiButton-root MuiButton-text MuiButton-textPrimary MuiButton-sizeMedium MuiButton-textSizeMedium MuiButton-colorPrimary MuiButton-fullWidth css-q760su-MuiButtonBase-root-MuiButton-root"
          href="/usage-statuses"
          tabindex="0"
        >
          <div
            class="MuiPaper-root MuiPaper-elevation MuiPaper-rounded MuiPaper-elevation1 MuiCard-root css-siqlql-MuiPaper-root-MuiCard-root"
          >
            <div
              class="MuiCardContent-root css-lo1d59-MuiCardContent-root"
            >
              <div
                class="MuiGrid-root css-vj1n65-MuiGrid-root"
              >
                <div
                  class="MuiGrid-root css-13qkvwv-MuiGrid-root"
                >
                  <p
                    class="MuiTypography-root MuiTypography-body1 css-ahj2mt-MuiTypography-root"
                  >
                    Usage Statuses
                  </p>
                </div>
              </div>
            </div>
          </div>
          <span
            class="MuiTouchRipple-root css-8je8zh-MuiTouchRipple-root"
          />
        </a>
      </div>
      <div
        class="MuiGrid-root MuiGrid-item MuiGrid-grid-xs-12 MuiGrid-grid-sm-6 css-1b3l6lk-MuiGrid-root"
      >
        <button
          class="MuiButtonBase-root MuiButton-root MuiButton-text MuiButton-textPrimary MuiButton-sizeMedium MuiButton-textSizeMedium MuiButton-colorPrimary MuiButton-fullWidth MuiButton-root MuiButton-text MuiButton-textPrimary MuiButton-sizeMedium MuiButton-textSizeMedium MuiButton-colorPrimary MuiButton-fullWidth css-q760su-MuiButtonBase-root-MuiButton-root"
          tabindex="0"
          type="button"
        >
          <div
            class="MuiPaper-root MuiPaper-elevation MuiPaper-rounded MuiPaper-elevation1 MuiCard-root css-siqlql-MuiPaper-root-MuiCard-root"
          >
            <div
              class="MuiCardContent-root css-lo1d59-MuiCardContent-root"
            >
              <div
                class="MuiGrid-root css-vj1n65-MuiGrid-root"
              >
                <div
                  class="MuiGrid-root css-13qkvwv-MuiGrid-root"
                >
                  <p
                    class="MuiTypography-root MuiTypography-body1 css-ahj2mt-MuiTypography-root"
                  >
                    Spares definition
                  </p>
                </div>
              </div>
            </div>
          </div>
          <span
            class="MuiTouchRipple-root css-8je8zh-MuiTouchRipple-root"
          />
        </button>
      </div>
    </div>
  </div>
</DocumentFragment>
`;
