// Jest Snapshot v1, https://goo.gl/fbAQLP

exports[`SystemItemsTable renders correctly 1`] = `
<DocumentFragment>
  <div
    class="MuiPaper-root MuiPaper-elevation MuiPaper-rounded MuiPaper-elevation2 css-1atu56z-MuiPaper-root"
    style="max-width: 100%;"
  >
    <div
      class="MuiBox-root css-1tbggly"
    >
      <div
        class="Mui-ToolbarDropZone MuiBox-root css-1fwjva3"
        style="opacity: 0; visibility: hidden;"
      >
        <p
          class="MuiTypography-root MuiTypography-body1 css-p3gdy2-MuiTypography-root"
        >
          Drop to group by 
        </p>
      </div>
      <div
        class="MuiBox-root css-wsew38"
      >
        <div
          class="MuiBox-root css-k008qs"
        >
          <button
            class="MuiButtonBase-root MuiButton-root MuiButton-outlined MuiButton-outlinedPrimary MuiButton-sizeMedium MuiButton-outlinedSizeMedium Mui-disabled MuiButton-root MuiButton-outlined MuiButton-outlinedPrimary MuiButton-sizeMedium MuiButton-outlinedSizeMedium css-1owl11-MuiButtonBase-root-MuiButton-root"
            disabled=""
            tabindex="-1"
            type="button"
          >
            <span
              class="MuiButton-startIcon MuiButton-iconSizeMedium css-1d6wzja-MuiButton-startIcon"
            >
              <svg
                aria-hidden="true"
                class="MuiSvgIcon-root MuiSvgIcon-fontSizeMedium css-i4bv87-MuiSvgIcon-root"
                data-testid="ClearIcon"
                focusable="false"
                viewBox="0 0 24 24"
              >
                <path
                  d="M19 6.41 17.59 5 12 10.59 6.41 5 5 6.41 10.59 12 5 17.59 6.41 19 12 13.41 17.59 19 19 17.59 13.41 12z"
                />
              </svg>
            </span>
            Clear Filters
          </button>
          <button
            class="MuiButtonBase-root MuiButton-root MuiButton-outlined MuiButton-outlinedPrimary MuiButton-sizeMedium MuiButton-outlinedSizeMedium Mui-disabled MuiButton-root MuiButton-outlined MuiButton-outlinedPrimary MuiButton-sizeMedium MuiButton-outlinedSizeMedium css-1owl11-MuiButtonBase-root-MuiButton-root"
            disabled=""
            tabindex="-1"
            type="button"
          >
            <span
              class="MuiButton-startIcon MuiButton-iconSizeMedium css-1d6wzja-MuiButton-startIcon"
            >
              <svg
                aria-hidden="true"
                class="MuiSvgIcon-root MuiSvgIcon-fontSizeMedium css-i4bv87-MuiSvgIcon-root"
                data-testid="DriveFileMoveOutlinedIcon"
                focusable="false"
                viewBox="0 0 24 24"
              >
                <path
                  d="M20 6h-8l-2-2H4c-1.1 0-2 .9-2 2v12c0 1.1.9 2 2 2h16c1.1 0 2-.9 2-2V8c0-1.1-.9-2-2-2m0 12H4V6h5.17l1.41 1.41.59.59H20zm-7.84-6H8v2h4.16l-1.59 1.59L11.99 17 16 13.01 11.99 9l-1.41 1.41z"
                />
              </svg>
            </span>
            Move to
          </button>
        </div>
        <div
          class="MuiBox-root css-1p0wbhh"
        >
          <div
            class="MuiCollapse-root MuiCollapse-horizontal MuiCollapse-entered css-1d98dbz-MuiCollapse-root"
            style="min-width: 0px;"
          >
            <div
              class="MuiCollapse-wrapper MuiCollapse-horizontal css-18w3a48-MuiCollapse-wrapper"
            >
              <div
                class="MuiCollapse-wrapperInner MuiCollapse-horizontal css-14vyde3-MuiCollapse-wrapperInner"
              >
                <div
                  class="MuiFormControl-root MuiTextField-root css-11sh9fj-MuiFormControl-root-MuiTextField-root"
                >
                  <div
                    class="MuiInputBase-root MuiOutlinedInput-root MuiInputBase-colorPrimary MuiInputBase-formControl MuiInputBase-sizeSmall MuiInputBase-adornedStart MuiInputBase-adornedEnd css-1v8abvc-MuiInputBase-root-MuiOutlinedInput-root"
                  >
                    <svg
                      aria-hidden="true"
                      class="MuiSvgIcon-root MuiSvgIcon-fontSizeMedium css-i4bv87-MuiSvgIcon-root"
                      data-testid="SearchIcon"
                      focusable="false"
                      style="margin-right: 4px;"
                      viewBox="0 0 24 24"
                    >
                      <path
                        d="M15.5 14h-.79l-.28-.27C15.41 12.59 16 11.11 16 9.5 16 5.91 13.09 3 9.5 3S3 5.91 3 9.5 5.91 16 9.5 16c1.61 0 3.09-.59 4.23-1.57l.27.28v.79l5 4.99L20.49 19zm-6 0C7.01 14 5 11.99 5 9.5S7.01 5 9.5 5 14 7.01 14 9.5 11.99 14 9.5 14"
                      />
                    </svg>
                    <input
                      aria-invalid="false"
                      autocomplete="new-password"
                      class="MuiInputBase-input MuiOutlinedInput-input MuiInputBase-inputSizeSmall MuiInputBase-inputAdornedStart MuiInputBase-inputAdornedEnd css-12yjm75-MuiInputBase-input-MuiOutlinedInput-input"
                      id=":r1:"
                      placeholder="Search"
                      type="text"
                      value=""
                    />
                    <div
                      class="MuiInputAdornment-root MuiInputAdornment-positionEnd MuiInputAdornment-outlined MuiInputAdornment-sizeSmall css-1laqsz7-MuiInputAdornment-root"
                    >
                      <span
                        aria-label="Clear search"
                        class=""
                        data-mui-internal-clone-element="true"
                      >
                        <button
                          aria-label="Clear search"
                          class="MuiButtonBase-root Mui-disabled MuiIconButton-root Mui-disabled MuiIconButton-sizeSmall css-1pe4mpk-MuiButtonBase-root-MuiIconButton-root"
                          disabled=""
                          tabindex="-1"
                          type="button"
                        >
                          <svg
                            aria-hidden="true"
                            class="MuiSvgIcon-root MuiSvgIcon-fontSizeMedium css-i4bv87-MuiSvgIcon-root"
                            data-testid="CloseIcon"
                            focusable="false"
                            viewBox="0 0 24 24"
                          >
                            <path
                              d="M19 6.41 17.59 5 12 10.59 6.41 5 5 6.41 10.59 12 5 17.59 6.41 19 12 13.41 17.59 19 19 17.59 13.41 12z"
                            />
                          </svg>
                        </button>
                      </span>
                    </div>
                    <fieldset
                      aria-hidden="true"
                      class="MuiOutlinedInput-notchedOutline css-1d3z3hw-MuiOutlinedInput-notchedOutline"
                    >
                      <legend
                        class="css-ihdtdm"
                      >
                        <span
                          class="notranslate"
                        >
                          ​
                        </span>
                      </legend>
                    </fieldset>
                  </div>
                </div>
              </div>
            </div>
          </div>
          <div
            class="MuiBox-root css-di3982"
          >
            <button
              aria-label="Show/Hide filters"
              class="MuiButtonBase-root MuiIconButton-root MuiIconButton-sizeMedium css-78trlr-MuiButtonBase-root-MuiIconButton-root"
              data-mui-internal-clone-element="true"
              tabindex="0"
              type="button"
            >
              <svg
                aria-hidden="true"
                class="MuiSvgIcon-root MuiSvgIcon-fontSizeMedium css-i4bv87-MuiSvgIcon-root"
                data-testid="FilterListOffIcon"
                focusable="false"
                viewBox="0 0 24 24"
              >
                <path
                  d="M10.83 8H21V6H8.83zm5 5H18v-2h-4.17zM14 16.83V18h-4v-2h3.17l-3-3H6v-2h2.17l-3-3H3V6h.17L1.39 4.22 2.8 2.81l18.38 18.38-1.41 1.41z"
                />
              </svg>
              <span
                class="MuiTouchRipple-root css-8je8zh-MuiTouchRipple-root"
              />
            </button>
            <button
              aria-label="Show/Hide columns"
              class="MuiButtonBase-root MuiIconButton-root MuiIconButton-sizeMedium css-78trlr-MuiButtonBase-root-MuiIconButton-root"
              data-mui-internal-clone-element="true"
              tabindex="0"
              type="button"
            >
              <svg
                aria-hidden="true"
                class="MuiSvgIcon-root MuiSvgIcon-fontSizeMedium css-i4bv87-MuiSvgIcon-root"
                data-testid="ViewColumnIcon"
                focusable="false"
                viewBox="0 0 24 24"
              >
                <path
                  d="M14.67 5v14H9.33V5zm1 14H21V5h-5.33zm-7.34 0V5H3v14z"
                />
              </svg>
              <span
                class="MuiTouchRipple-root css-8je8zh-MuiTouchRipple-root"
              />
            </button>
            <button
              aria-label="Toggle full screen"
              class="MuiButtonBase-root MuiIconButton-root MuiIconButton-sizeMedium css-78trlr-MuiButtonBase-root-MuiIconButton-root"
              data-mui-internal-clone-element="true"
              tabindex="0"
              type="button"
            >
              <svg
                aria-hidden="true"
                class="MuiSvgIcon-root MuiSvgIcon-fontSizeMedium css-i4bv87-MuiSvgIcon-root"
                data-testid="FullscreenIcon"
                focusable="false"
                viewBox="0 0 24 24"
              >
                <path
                  d="M7 14H5v5h5v-2H7zm-2-4h2V7h3V5H5zm12 7h-3v2h5v-5h-2zM14 5v2h3v3h2V5z"
                />
              </svg>
              <span
                class="MuiTouchRipple-root css-8je8zh-MuiTouchRipple-root"
              />
            </button>
          </div>
        </div>
      </div>
    </div>
    <div
      class="MuiTableContainer-root css-1xsriem-MuiTableContainer-root"
    >
      <table
        class="MuiTable-root MuiTable-stickyHeader css-ts728e-MuiTable-root"
        style="--header-catalogueItem_name-size: 250; --col-catalogueItem_name-size: 250; --header-mrt_row_expand-size: 100; --col-mrt_row_expand-size: 100; --header-mrt_row_select-size: 60; --col-mrt_row_select-size: 60; --header-item_id-size: 250; --col-item_id-size: 250; --header-item_serial_number-size: 250; --col-item_serial_number-size: 250; --header-item_delivered_date-size: 250; --col-item_delivered_date-size: 250; --header-item_is_defective-size: 200; --col-item_is_defective-size: 200; --header-item_usage_status-size: 200; --col-item_usage_status-size: 200; --header-mrt_row_spacer-size: 40; --col-mrt_row_spacer-size: 40;"
      >
        <thead
          class="MuiTableHead-root css-q4cnup-MuiTableHead-root"
        >
          <tr
            class="MuiTableRow-root MuiTableRow-head css-ssspk8-MuiTableRow-root"
          >
            <th
              class="MuiTableCell-root MuiTableCell-head MuiTableCell-stickyHeader MuiTableCell-alignLeft MuiTableCell-sizeMedium css-leh31c-MuiTableCell-root"
              colspan="1"
              data-index="0"
              scope="col"
            >
              <div
                class="Mui-TableHeadCell-Content MuiBox-root css-c8wlay"
              >
                <div
                  class="Mui-TableHeadCell-Content-Labels MuiBox-root css-68rqdf"
                >
                  <div
                    class="Mui-TableHeadCell-Content-Wrapper MuiBox-root css-lapokc"
                  >
                    Catalogue Item
                  </div>
                  <span
                    aria-label="Sort by Catalogue Item ascending"
                    class="MuiBadge-root css-1c32n2y-MuiBadge-root"
                    data-mui-internal-clone-element="true"
                  >
                    <span
                      aria-label="Sort by Catalogue Item ascending"
                      class="MuiButtonBase-root MuiTableSortLabel-root Mui-active css-118d58w-MuiButtonBase-root-MuiTableSortLabel-root"
                      role="button"
                      tabindex="0"
                    >
                      <svg
                        aria-hidden="true"
                        class="MuiSvgIcon-root MuiSvgIcon-fontSizeMedium MuiTableSortLabel-icon MuiTableSortLabel-iconDirectionAsc css-1vweko9-MuiSvgIcon-root-MuiTableSortLabel-icon"
                        data-testid="SyncAltIcon"
                        focusable="false"
                        style="transform: rotate(-90deg) scaleX(0.9) translateX(-1px);"
                        viewBox="0 0 24 24"
                      >
                        <path
                          d="m18 12 4-4-4-4v3H3v2h15zM6 12l-4 4 4 4v-3h15v-2H6z"
                        />
                      </svg>
                    </span>
                    <span
                      class="MuiBadge-badge MuiBadge-standard MuiBadge-invisible MuiBadge-anchorOriginTopRight MuiBadge-anchorOriginTopRightCircular MuiBadge-overlapCircular css-2v5rxe-MuiBadge-badge"
                    >
                      0
                    </span>
                  </span>
                </div>
                <div
                  class="Mui-TableHeadCell-Content-Actions MuiBox-root css-epvm6"
                >
                  <button
                    aria-label="Move"
                    class="MuiButtonBase-root MuiIconButton-root MuiIconButton-sizeSmall css-1uxkzex-MuiButtonBase-root-MuiIconButton-root"
                    data-mui-internal-clone-element="true"
                    draggable="true"
                    tabindex="0"
                    type="button"
                  >
                    <svg
                      aria-hidden="true"
                      class="MuiSvgIcon-root MuiSvgIcon-fontSizeMedium css-i4bv87-MuiSvgIcon-root"
                      data-testid="DragHandleIcon"
                      focusable="false"
                      viewBox="0 0 24 24"
                    >
                      <path
                        d="M20 9H4v2h16zM4 15h16v-2H4z"
                      />
                    </svg>
                  </button>
                  <button
                    aria-label="Column Actions"
                    class="MuiButtonBase-root MuiIconButton-root MuiIconButton-sizeSmall css-1p8dotb-MuiButtonBase-root-MuiIconButton-root"
                    data-mui-internal-clone-element="true"
                    tabindex="0"
                    type="button"
                  >
                    <svg
                      aria-hidden="true"
                      class="MuiSvgIcon-root MuiSvgIcon-fontSizeMedium css-i4bv87-MuiSvgIcon-root"
                      data-testid="MoreVertIcon"
                      focusable="false"
                      style="transform: scale(0.9);"
                      viewBox="0 0 24 24"
                    >
                      <path
                        d="M12 8c1.1 0 2-.9 2-2s-.9-2-2-2-2 .9-2 2 .9 2 2 2m0 2c-1.1 0-2 .9-2 2s.9 2 2 2 2-.9 2-2-.9-2-2-2m0 6c-1.1 0-2 .9-2 2s.9 2 2 2 2-.9 2-2-.9-2-2-2"
                      />
                    </svg>
                    <span
                      class="MuiTouchRipple-root css-8je8zh-MuiTouchRipple-root"
                    />
                  </button>
                </div>
                <div
                  class="Mui-TableHeadCell-ResizeHandle-Wrapper MuiBox-root css-1ug570k"
                >
                  <hr
                    class="MuiDivider-root MuiDivider-fullWidth MuiDivider-vertical MuiDivider-flexItem Mui-TableHeadCell-ResizeHandle-Divider css-f5y87h-MuiDivider-root"
                  />
                </div>
              </div>
              <div
                class="MuiCollapse-root MuiCollapse-vertical MuiCollapse-entered css-pwcg7p-MuiCollapse-root"
                style="min-height: 0px;"
              >
                <div
                  class="MuiCollapse-wrapper MuiCollapse-vertical css-smkl36-MuiCollapse-wrapper"
                >
                  <div
                    class="MuiCollapse-wrapperInner MuiCollapse-vertical css-9l5vo-MuiCollapse-wrapperInner"
                  >
                    <div
                      class="MuiFormControl-root MuiFormControl-fullWidth MuiTextField-root css-jk1t0h-MuiFormControl-root-MuiTextField-root"
                    >
                      <div
                        class="MuiInputBase-root MuiInput-root MuiInput-underline MuiInputBase-colorPrimary MuiInputBase-fullWidth MuiInputBase-formControl MuiInputBase-adornedEnd css-953pxc-MuiInputBase-root-MuiInput-root"
                      >
                        <input
                          aria-invalid="false"
                          aria-label="Filter by Catalogue Item"
                          autocomplete="new-password"
                          class="MuiInputBase-input MuiInput-input MuiInputBase-inputAdornedEnd css-929hxt-MuiInputBase-input-MuiInput-input"
                          id=":r9:"
                          placeholder="Filter by Catalogue Item"
                          title="Filter by Catalogue Item"
                          type="text"
                          value=""
                        />
                        <div
                          class="MuiInputAdornment-root MuiInputAdornment-positionEnd MuiInputAdornment-standard MuiInputAdornment-sizeMedium css-1laqsz7-MuiInputAdornment-root"
                        >
                          <span
                            aria-label="Clear filter"
                            class=""
                            data-mui-internal-clone-element="true"
                          >
                            <button
                              aria-label="Clear filter"
                              class="MuiButtonBase-root Mui-disabled MuiIconButton-root Mui-disabled MuiIconButton-sizeSmall css-1so9ih7-MuiButtonBase-root-MuiIconButton-root"
                              disabled=""
                              tabindex="-1"
                              type="button"
                            >
                              <svg
                                aria-hidden="true"
                                class="MuiSvgIcon-root MuiSvgIcon-fontSizeMedium css-i4bv87-MuiSvgIcon-root"
                                data-testid="CloseIcon"
                                focusable="false"
                                viewBox="0 0 24 24"
                              >
                                <path
                                  d="M19 6.41 17.59 5 12 10.59 6.41 5 5 6.41 10.59 12 5 17.59 6.41 19 12 13.41 17.59 19 19 17.59 13.41 12z"
                                />
                              </svg>
                            </button>
                          </span>
                        </div>
                      </div>
                    </div>
                  </div>
                </div>
              </div>
            </th>
            <th
              class="MuiTableCell-root MuiTableCell-head MuiTableCell-stickyHeader MuiTableCell-alignLeft MuiTableCell-sizeMedium css-o6xm3h-MuiTableCell-root"
              colspan="1"
              data-index="1"
              scope="col"
            >
              <div
                class="Mui-TableHeadCell-Content MuiBox-root css-c8wlay"
              >
                <div
                  class="Mui-TableHeadCell-Content-Labels MuiBox-root css-4ng264"
                >
                  <div
                    class="Mui-TableHeadCell-Content-Wrapper MuiBox-root css-bbxzxe"
                  >
                    <span
                      aria-label="Expand all"
                      class=""
                      data-mui-internal-clone-element="true"
                    >
                      <button
                        aria-label="Expand all"
                        class="MuiButtonBase-root MuiIconButton-root MuiIconButton-sizeMedium css-1kc7if3-MuiButtonBase-root-MuiIconButton-root"
                        tabindex="0"
                        type="button"
                      >
                        <svg
                          aria-hidden="true"
                          class="MuiSvgIcon-root MuiSvgIcon-fontSizeMedium css-i4bv87-MuiSvgIcon-root"
                          data-testid="KeyboardDoubleArrowDownIcon"
                          focusable="false"
                          style="transform: rotate(0deg); transition: transform 150ms;"
                          viewBox="0 0 24 24"
                        >
                          <path
                            d="M18 6.41 16.59 5 12 9.58 7.41 5 6 6.41l6 6z"
                          />
                          <path
                            d="m18 13-1.41-1.41L12 16.17l-4.59-4.58L6 13l6 6z"
                          />
                        </svg>
                        <span
                          class="MuiTouchRipple-root css-8je8zh-MuiTouchRipple-root"
                        />
                      </button>
                    </span>
                  </div>
                </div>
                <div
                  class="Mui-TableHeadCell-Content-Actions MuiBox-root css-epvm6"
                />
                <div
                  class="Mui-TableHeadCell-ResizeHandle-Wrapper MuiBox-root css-1taang1"
                >
                  <hr
                    class="MuiDivider-root MuiDivider-fullWidth MuiDivider-vertical MuiDivider-flexItem Mui-TableHeadCell-ResizeHandle-Divider css-f5y87h-MuiDivider-root"
                  />
                </div>
              </div>
            </th>
            <th
              class="MuiTableCell-root MuiTableCell-head MuiTableCell-stickyHeader MuiTableCell-alignLeft MuiTableCell-sizeMedium css-1swc2q2-MuiTableCell-root"
              colspan="1"
              data-index="2"
              scope="col"
            >
              <div
                class="Mui-TableHeadCell-Content MuiBox-root css-1w86f15"
              >
                <div
                  class="Mui-TableHeadCell-Content-Labels MuiBox-root css-4ng264"
                >
                  <div
                    class="Mui-TableHeadCell-Content-Wrapper MuiBox-root css-bbxzxe"
                  >
                    <span
                      aria-label="Toggle select all"
                      class="MuiButtonBase-root MuiCheckbox-root MuiCheckbox-colorPrimary MuiCheckbox-sizeMedium PrivateSwitchBase-root MuiCheckbox-root MuiCheckbox-colorPrimary MuiCheckbox-sizeMedium MuiCheckbox-root MuiCheckbox-colorPrimary MuiCheckbox-sizeMedium css-h5odmr-MuiButtonBase-root-MuiCheckbox-root"
                      data-mui-internal-clone-element="true"
                    >
                      <input
                        aria-label="Toggle select all"
                        class="PrivateSwitchBase-input css-1m9pwf3"
                        data-indeterminate="false"
                        type="checkbox"
                      />
                      <svg
                        aria-hidden="true"
                        class="MuiSvgIcon-root MuiSvgIcon-fontSizeMedium css-i4bv87-MuiSvgIcon-root"
                        data-testid="CheckBoxOutlineBlankIcon"
                        focusable="false"
                        viewBox="0 0 24 24"
                      >
                        <path
                          d="M19 5v14H5V5h14m0-2H5c-1.1 0-2 .9-2 2v14c0 1.1.9 2 2 2h14c1.1 0 2-.9 2-2V5c0-1.1-.9-2-2-2z"
                        />
                      </svg>
                      <span
                        class="MuiTouchRipple-root css-8je8zh-MuiTouchRipple-root"
                      />
                    </span>
                  </div>
                </div>
                <div
                  class="Mui-TableHeadCell-Content-Actions MuiBox-root css-epvm6"
                />
              </div>
            </th>
            <th
              class="MuiTableCell-root MuiTableCell-head MuiTableCell-stickyHeader MuiTableCell-alignLeft MuiTableCell-sizeMedium css-eazr8d-MuiTableCell-root"
              colspan="1"
              data-index="3"
              scope="col"
            >
              <div
                class="Mui-TableHeadCell-Content MuiBox-root css-c8wlay"
              >
                <div
                  class="Mui-TableHeadCell-Content-Labels MuiBox-root css-68rqdf"
                >
                  <div
                    class="Mui-TableHeadCell-Content-Wrapper MuiBox-root css-1nz3nwl"
                  >
                    ID
                  </div>
                  <span
                    aria-label="Sort by ID ascending"
                    class="MuiBadge-root css-1c32n2y-MuiBadge-root"
                    data-mui-internal-clone-element="true"
                  >
                    <span
                      aria-label="Sort by ID ascending"
                      class="MuiButtonBase-root MuiTableSortLabel-root Mui-active css-118d58w-MuiButtonBase-root-MuiTableSortLabel-root"
                      role="button"
                      tabindex="0"
                    >
                      <svg
                        aria-hidden="true"
                        class="MuiSvgIcon-root MuiSvgIcon-fontSizeMedium MuiTableSortLabel-icon MuiTableSortLabel-iconDirectionAsc css-1vweko9-MuiSvgIcon-root-MuiTableSortLabel-icon"
                        data-testid="SyncAltIcon"
                        focusable="false"
                        style="transform: rotate(-90deg) scaleX(0.9) translateX(-1px);"
                        viewBox="0 0 24 24"
                      >
                        <path
                          d="m18 12 4-4-4-4v3H3v2h15zM6 12l-4 4 4 4v-3h15v-2H6z"
                        />
                      </svg>
                    </span>
                    <span
                      class="MuiBadge-badge MuiBadge-standard MuiBadge-invisible MuiBadge-anchorOriginTopRight MuiBadge-anchorOriginTopRightCircular MuiBadge-overlapCircular css-2v5rxe-MuiBadge-badge"
                    >
                      0
                    </span>
                  </span>
                </div>
                <div
                  class="Mui-TableHeadCell-Content-Actions MuiBox-root css-epvm6"
                >
                  <button
                    aria-label="Move"
                    class="MuiButtonBase-root MuiIconButton-root MuiIconButton-sizeSmall css-1uxkzex-MuiButtonBase-root-MuiIconButton-root"
                    data-mui-internal-clone-element="true"
                    draggable="true"
                    tabindex="0"
                    type="button"
                  >
                    <svg
                      aria-hidden="true"
                      class="MuiSvgIcon-root MuiSvgIcon-fontSizeMedium css-i4bv87-MuiSvgIcon-root"
                      data-testid="DragHandleIcon"
                      focusable="false"
                      viewBox="0 0 24 24"
                    >
                      <path
                        d="M20 9H4v2h16zM4 15h16v-2H4z"
                      />
                    </svg>
                  </button>
                  <button
                    aria-label="Column Actions"
                    class="MuiButtonBase-root MuiIconButton-root MuiIconButton-sizeSmall css-1p8dotb-MuiButtonBase-root-MuiIconButton-root"
                    data-mui-internal-clone-element="true"
                    tabindex="0"
                    type="button"
                  >
                    <svg
                      aria-hidden="true"
                      class="MuiSvgIcon-root MuiSvgIcon-fontSizeMedium css-i4bv87-MuiSvgIcon-root"
                      data-testid="MoreVertIcon"
                      focusable="false"
                      style="transform: scale(0.9);"
                      viewBox="0 0 24 24"
                    >
                      <path
                        d="M12 8c1.1 0 2-.9 2-2s-.9-2-2-2-2 .9-2 2 .9 2 2 2m0 2c-1.1 0-2 .9-2 2s.9 2 2 2 2-.9 2-2-.9-2-2-2m0 6c-1.1 0-2 .9-2 2s.9 2 2 2 2-.9 2-2-.9-2-2-2"
                      />
                    </svg>
                    <span
                      class="MuiTouchRipple-root css-8je8zh-MuiTouchRipple-root"
                    />
                  </button>
                </div>
                <div
                  class="Mui-TableHeadCell-ResizeHandle-Wrapper MuiBox-root css-1ug570k"
                >
                  <hr
                    class="MuiDivider-root MuiDivider-fullWidth MuiDivider-vertical MuiDivider-flexItem Mui-TableHeadCell-ResizeHandle-Divider css-f5y87h-MuiDivider-root"
                  />
                </div>
              </div>
              <div
                class="MuiCollapse-root MuiCollapse-vertical MuiCollapse-entered css-pwcg7p-MuiCollapse-root"
                style="min-height: 0px;"
              >
                <div
                  class="MuiCollapse-wrapper MuiCollapse-vertical css-smkl36-MuiCollapse-wrapper"
                >
                  <div
                    class="MuiCollapse-wrapperInner MuiCollapse-vertical css-9l5vo-MuiCollapse-wrapperInner"
                  >
                    <div
                      class="MuiFormControl-root MuiFormControl-fullWidth MuiTextField-root css-jk1t0h-MuiFormControl-root-MuiTextField-root"
                    >
                      <div
                        class="MuiInputBase-root MuiInput-root MuiInput-underline MuiInputBase-colorPrimary MuiInputBase-fullWidth MuiInputBase-formControl MuiInputBase-adornedEnd css-953pxc-MuiInputBase-root-MuiInput-root"
                      >
                        <input
                          aria-invalid="false"
                          aria-label="Filter by ID"
                          autocomplete="new-password"
                          class="MuiInputBase-input MuiInput-input MuiInputBase-inputAdornedEnd css-929hxt-MuiInputBase-input-MuiInput-input"
                          id=":rg:"
                          placeholder="Filter by ID"
                          title="Filter by ID"
                          type="text"
                          value=""
                        />
                        <div
                          class="MuiInputAdornment-root MuiInputAdornment-positionEnd MuiInputAdornment-standard MuiInputAdornment-sizeMedium css-1laqsz7-MuiInputAdornment-root"
                        >
                          <span
                            aria-label="Clear filter"
                            class=""
                            data-mui-internal-clone-element="true"
                          >
                            <button
                              aria-label="Clear filter"
                              class="MuiButtonBase-root Mui-disabled MuiIconButton-root Mui-disabled MuiIconButton-sizeSmall css-1so9ih7-MuiButtonBase-root-MuiIconButton-root"
                              disabled=""
                              tabindex="-1"
                              type="button"
                            >
                              <svg
                                aria-hidden="true"
                                class="MuiSvgIcon-root MuiSvgIcon-fontSizeMedium css-i4bv87-MuiSvgIcon-root"
                                data-testid="CloseIcon"
                                focusable="false"
                                viewBox="0 0 24 24"
                              >
                                <path
                                  d="M19 6.41 17.59 5 12 10.59 6.41 5 5 6.41 10.59 12 5 17.59 6.41 19 12 13.41 17.59 19 19 17.59 13.41 12z"
                                />
                              </svg>
                            </button>
                          </span>
                        </div>
                      </div>
                    </div>
                  </div>
                </div>
              </div>
            </th>
            <th
              class="MuiTableCell-root MuiTableCell-head MuiTableCell-stickyHeader MuiTableCell-alignLeft MuiTableCell-sizeMedium css-o13k6y-MuiTableCell-root"
              colspan="1"
              data-index="4"
              scope="col"
            >
              <div
                class="Mui-TableHeadCell-Content MuiBox-root css-c8wlay"
              >
                <div
                  class="Mui-TableHeadCell-Content-Labels MuiBox-root css-68rqdf"
                >
                  <div
                    class="Mui-TableHeadCell-Content-Wrapper MuiBox-root css-lapokc"
                  >
                    Serial Number
                  </div>
                  <span
                    aria-label="Sort by Serial Number ascending"
                    class="MuiBadge-root css-1c32n2y-MuiBadge-root"
                    data-mui-internal-clone-element="true"
                  >
                    <span
                      aria-label="Sort by Serial Number ascending"
                      class="MuiButtonBase-root MuiTableSortLabel-root Mui-active css-118d58w-MuiButtonBase-root-MuiTableSortLabel-root"
                      role="button"
                      tabindex="0"
                    >
                      <svg
                        aria-hidden="true"
                        class="MuiSvgIcon-root MuiSvgIcon-fontSizeMedium MuiTableSortLabel-icon MuiTableSortLabel-iconDirectionAsc css-1vweko9-MuiSvgIcon-root-MuiTableSortLabel-icon"
                        data-testid="SyncAltIcon"
                        focusable="false"
                        style="transform: rotate(-90deg) scaleX(0.9) translateX(-1px);"
                        viewBox="0 0 24 24"
                      >
                        <path
                          d="m18 12 4-4-4-4v3H3v2h15zM6 12l-4 4 4 4v-3h15v-2H6z"
                        />
                      </svg>
                    </span>
                    <span
                      class="MuiBadge-badge MuiBadge-standard MuiBadge-invisible MuiBadge-anchorOriginTopRight MuiBadge-anchorOriginTopRightCircular MuiBadge-overlapCircular css-2v5rxe-MuiBadge-badge"
                    >
                      0
                    </span>
                  </span>
                </div>
                <div
                  class="Mui-TableHeadCell-Content-Actions MuiBox-root css-epvm6"
                >
                  <button
                    aria-label="Move"
                    class="MuiButtonBase-root MuiIconButton-root MuiIconButton-sizeSmall css-1uxkzex-MuiButtonBase-root-MuiIconButton-root"
                    data-mui-internal-clone-element="true"
                    draggable="true"
                    tabindex="0"
                    type="button"
                  >
                    <svg
                      aria-hidden="true"
                      class="MuiSvgIcon-root MuiSvgIcon-fontSizeMedium css-i4bv87-MuiSvgIcon-root"
                      data-testid="DragHandleIcon"
                      focusable="false"
                      viewBox="0 0 24 24"
                    >
                      <path
                        d="M20 9H4v2h16zM4 15h16v-2H4z"
                      />
                    </svg>
                  </button>
                  <button
                    aria-label="Column Actions"
                    class="MuiButtonBase-root MuiIconButton-root MuiIconButton-sizeSmall css-1p8dotb-MuiButtonBase-root-MuiIconButton-root"
                    data-mui-internal-clone-element="true"
                    tabindex="0"
                    type="button"
                  >
                    <svg
                      aria-hidden="true"
                      class="MuiSvgIcon-root MuiSvgIcon-fontSizeMedium css-i4bv87-MuiSvgIcon-root"
                      data-testid="MoreVertIcon"
                      focusable="false"
                      style="transform: scale(0.9);"
                      viewBox="0 0 24 24"
                    >
                      <path
                        d="M12 8c1.1 0 2-.9 2-2s-.9-2-2-2-2 .9-2 2 .9 2 2 2m0 2c-1.1 0-2 .9-2 2s.9 2 2 2 2-.9 2-2-.9-2-2-2m0 6c-1.1 0-2 .9-2 2s.9 2 2 2 2-.9 2-2-.9-2-2-2"
                      />
                    </svg>
                    <span
                      class="MuiTouchRipple-root css-8je8zh-MuiTouchRipple-root"
                    />
                  </button>
                </div>
                <div
                  class="Mui-TableHeadCell-ResizeHandle-Wrapper MuiBox-root css-1ug570k"
                >
                  <hr
                    class="MuiDivider-root MuiDivider-fullWidth MuiDivider-vertical MuiDivider-flexItem Mui-TableHeadCell-ResizeHandle-Divider css-f5y87h-MuiDivider-root"
                  />
                </div>
              </div>
              <div
                class="MuiCollapse-root MuiCollapse-vertical MuiCollapse-entered css-pwcg7p-MuiCollapse-root"
                style="min-height: 0px;"
              >
                <div
                  class="MuiCollapse-wrapper MuiCollapse-vertical css-smkl36-MuiCollapse-wrapper"
                >
                  <div
                    class="MuiCollapse-wrapperInner MuiCollapse-vertical css-9l5vo-MuiCollapse-wrapperInner"
                  >
                    <div
                      class="MuiFormControl-root MuiFormControl-fullWidth MuiTextField-root css-jk1t0h-MuiFormControl-root-MuiTextField-root"
                    >
                      <div
                        class="MuiInputBase-root MuiInput-root MuiInput-underline MuiInputBase-colorPrimary MuiInputBase-fullWidth MuiInputBase-formControl MuiInputBase-adornedEnd css-953pxc-MuiInputBase-root-MuiInput-root"
                      >
                        <input
                          aria-invalid="false"
                          aria-label="Filter by Serial Number"
                          autocomplete="new-password"
                          class="MuiInputBase-input MuiInput-input MuiInputBase-inputAdornedEnd css-929hxt-MuiInputBase-input-MuiInput-input"
                          id=":rl:"
                          placeholder="Filter by Serial Number"
                          title="Filter by Serial Number"
                          type="text"
                          value=""
                        />
                        <div
                          class="MuiInputAdornment-root MuiInputAdornment-positionEnd MuiInputAdornment-standard MuiInputAdornment-sizeMedium css-1laqsz7-MuiInputAdornment-root"
                        >
                          <span
                            aria-label="Clear filter"
                            class=""
                            data-mui-internal-clone-element="true"
                          >
                            <button
                              aria-label="Clear filter"
                              class="MuiButtonBase-root Mui-disabled MuiIconButton-root Mui-disabled MuiIconButton-sizeSmall css-1so9ih7-MuiButtonBase-root-MuiIconButton-root"
                              disabled=""
                              tabindex="-1"
                              type="button"
                            >
                              <svg
                                aria-hidden="true"
                                class="MuiSvgIcon-root MuiSvgIcon-fontSizeMedium css-i4bv87-MuiSvgIcon-root"
                                data-testid="CloseIcon"
                                focusable="false"
                                viewBox="0 0 24 24"
                              >
                                <path
                                  d="M19 6.41 17.59 5 12 10.59 6.41 5 5 6.41 10.59 12 5 17.59 6.41 19 12 13.41 17.59 19 19 17.59 13.41 12z"
                                />
                              </svg>
                            </button>
                          </span>
                        </div>
                      </div>
                    </div>
                  </div>
                </div>
              </div>
            </th>
            <th
              class="MuiTableCell-root MuiTableCell-head MuiTableCell-stickyHeader MuiTableCell-alignLeft MuiTableCell-sizeMedium css-vh0csv-MuiTableCell-root"
              colspan="1"
              data-index="5"
              scope="col"
            >
              <div
                class="Mui-TableHeadCell-Content MuiBox-root css-c8wlay"
              >
                <div
                  class="Mui-TableHeadCell-Content-Labels MuiBox-root css-68rqdf"
                >
                  <div
                    class="Mui-TableHeadCell-Content-Wrapper MuiBox-root css-lapokc"
                  >
                    Delivered Date
                  </div>
                  <span
                    aria-label="Sort by Delivered Date ascending"
                    class="MuiBadge-root css-1c32n2y-MuiBadge-root"
                    data-mui-internal-clone-element="true"
                  >
                    <span
                      aria-label="Sort by Delivered Date ascending"
                      class="MuiButtonBase-root MuiTableSortLabel-root Mui-active css-118d58w-MuiButtonBase-root-MuiTableSortLabel-root"
                      role="button"
                      tabindex="0"
                    >
                      <svg
                        aria-hidden="true"
                        class="MuiSvgIcon-root MuiSvgIcon-fontSizeMedium MuiTableSortLabel-icon MuiTableSortLabel-iconDirectionAsc css-1vweko9-MuiSvgIcon-root-MuiTableSortLabel-icon"
                        data-testid="SyncAltIcon"
                        focusable="false"
                        style="transform: rotate(-90deg) scaleX(0.9) translateX(-1px);"
                        viewBox="0 0 24 24"
                      >
                        <path
                          d="m18 12 4-4-4-4v3H3v2h15zM6 12l-4 4 4 4v-3h15v-2H6z"
                        />
                      </svg>
                    </span>
                    <span
                      class="MuiBadge-badge MuiBadge-standard MuiBadge-invisible MuiBadge-anchorOriginTopRight MuiBadge-anchorOriginTopRightCircular MuiBadge-overlapCircular css-2v5rxe-MuiBadge-badge"
                    >
                      0
                    </span>
                  </span>
                </div>
                <div
                  class="Mui-TableHeadCell-Content-Actions MuiBox-root css-epvm6"
                >
                  <button
                    aria-label="Move"
                    class="MuiButtonBase-root MuiIconButton-root MuiIconButton-sizeSmall css-1uxkzex-MuiButtonBase-root-MuiIconButton-root"
                    data-mui-internal-clone-element="true"
                    draggable="true"
                    tabindex="0"
                    type="button"
                  >
                    <svg
                      aria-hidden="true"
                      class="MuiSvgIcon-root MuiSvgIcon-fontSizeMedium css-i4bv87-MuiSvgIcon-root"
                      data-testid="DragHandleIcon"
                      focusable="false"
                      viewBox="0 0 24 24"
                    >
                      <path
                        d="M20 9H4v2h16zM4 15h16v-2H4z"
                      />
                    </svg>
                  </button>
                  <button
                    aria-label="Column Actions"
                    class="MuiButtonBase-root MuiIconButton-root MuiIconButton-sizeSmall css-1p8dotb-MuiButtonBase-root-MuiIconButton-root"
                    data-mui-internal-clone-element="true"
                    tabindex="0"
                    type="button"
                  >
                    <svg
                      aria-hidden="true"
                      class="MuiSvgIcon-root MuiSvgIcon-fontSizeMedium css-i4bv87-MuiSvgIcon-root"
                      data-testid="MoreVertIcon"
                      focusable="false"
                      style="transform: scale(0.9);"
                      viewBox="0 0 24 24"
                    >
                      <path
                        d="M12 8c1.1 0 2-.9 2-2s-.9-2-2-2-2 .9-2 2 .9 2 2 2m0 2c-1.1 0-2 .9-2 2s.9 2 2 2 2-.9 2-2-.9-2-2-2m0 6c-1.1 0-2 .9-2 2s.9 2 2 2 2-.9 2-2-.9-2-2-2"
                      />
                    </svg>
                    <span
                      class="MuiTouchRipple-root css-8je8zh-MuiTouchRipple-root"
                    />
                  </button>
                </div>
                <div
                  class="Mui-TableHeadCell-ResizeHandle-Wrapper MuiBox-root css-1ug570k"
                >
                  <hr
                    class="MuiDivider-root MuiDivider-fullWidth MuiDivider-vertical MuiDivider-flexItem Mui-TableHeadCell-ResizeHandle-Divider css-f5y87h-MuiDivider-root"
                  />
                </div>
              </div>
              <div
                class="MuiCollapse-root MuiCollapse-vertical MuiCollapse-entered css-pwcg7p-MuiCollapse-root"
                style="min-height: 0px;"
              >
                <div
                  class="MuiCollapse-wrapper MuiCollapse-vertical css-smkl36-MuiCollapse-wrapper"
                >
                  <div
                    class="MuiCollapse-wrapperInner MuiCollapse-vertical css-9l5vo-MuiCollapse-wrapperInner"
                  >
                    <div
                      class="MuiFormControl-root MuiFormControl-fullWidth MuiTextField-root css-jk1t0h-MuiFormControl-root-MuiTextField-root"
                    >
                      <div
                        class="MuiInputBase-root MuiInput-root MuiInput-underline MuiInputBase-colorPrimary MuiInputBase-fullWidth MuiInputBase-formControl MuiInputBase-adornedEnd css-953pxc-MuiInputBase-root-MuiInput-root"
                      >
                        <input
                          aria-invalid="false"
                          aria-label="Filter by Delivered Date"
                          autocomplete="new-password"
                          class="MuiInputBase-input MuiInput-input MuiInputBase-inputAdornedEnd css-929hxt-MuiInputBase-input-MuiInput-input"
                          id=":rq:"
                          placeholder="Filter by Delivered Date"
                          title="Filter by Delivered Date"
                          type="text"
                          value=""
                        />
                        <div
                          class="MuiInputAdornment-root MuiInputAdornment-positionEnd MuiInputAdornment-standard MuiInputAdornment-sizeMedium css-1laqsz7-MuiInputAdornment-root"
                        >
                          <span
                            aria-label="Clear filter"
                            class=""
                            data-mui-internal-clone-element="true"
                          >
                            <button
                              aria-label="Clear filter"
                              class="MuiButtonBase-root Mui-disabled MuiIconButton-root Mui-disabled MuiIconButton-sizeSmall css-1so9ih7-MuiButtonBase-root-MuiIconButton-root"
                              disabled=""
                              tabindex="-1"
                              type="button"
                            >
                              <svg
                                aria-hidden="true"
                                class="MuiSvgIcon-root MuiSvgIcon-fontSizeMedium css-i4bv87-MuiSvgIcon-root"
                                data-testid="CloseIcon"
                                focusable="false"
                                viewBox="0 0 24 24"
                              >
                                <path
                                  d="M19 6.41 17.59 5 12 10.59 6.41 5 5 6.41 10.59 12 5 17.59 6.41 19 12 13.41 17.59 19 19 17.59 13.41 12z"
                                />
                              </svg>
                            </button>
                          </span>
                        </div>
                      </div>
                    </div>
                  </div>
                </div>
              </div>
            </th>
            <th
              class="MuiTableCell-root MuiTableCell-head MuiTableCell-stickyHeader MuiTableCell-alignLeft MuiTableCell-sizeMedium css-1ex5lr1-MuiTableCell-root"
              colspan="1"
              data-index="6"
              scope="col"
            >
              <div
                class="Mui-TableHeadCell-Content MuiBox-root css-c8wlay"
              >
                <div
                  class="Mui-TableHeadCell-Content-Labels MuiBox-root css-68rqdf"
                >
                  <div
                    class="Mui-TableHeadCell-Content-Wrapper MuiBox-root css-lapokc"
                  >
                    Is Defective
                  </div>
                  <span
                    aria-label="Sort by Is Defective ascending"
                    class="MuiBadge-root css-1c32n2y-MuiBadge-root"
                    data-mui-internal-clone-element="true"
                  >
                    <span
                      aria-label="Sort by Is Defective ascending"
                      class="MuiButtonBase-root MuiTableSortLabel-root Mui-active css-118d58w-MuiButtonBase-root-MuiTableSortLabel-root"
                      role="button"
                      tabindex="0"
                    >
                      <svg
                        aria-hidden="true"
                        class="MuiSvgIcon-root MuiSvgIcon-fontSizeMedium MuiTableSortLabel-icon MuiTableSortLabel-iconDirectionAsc css-1vweko9-MuiSvgIcon-root-MuiTableSortLabel-icon"
                        data-testid="SyncAltIcon"
                        focusable="false"
                        style="transform: rotate(-90deg) scaleX(0.9) translateX(-1px);"
                        viewBox="0 0 24 24"
                      >
                        <path
                          d="m18 12 4-4-4-4v3H3v2h15zM6 12l-4 4 4 4v-3h15v-2H6z"
                        />
                      </svg>
                    </span>
                    <span
                      class="MuiBadge-badge MuiBadge-standard MuiBadge-invisible MuiBadge-anchorOriginTopRight MuiBadge-anchorOriginTopRightCircular MuiBadge-overlapCircular css-2v5rxe-MuiBadge-badge"
                    >
                      0
                    </span>
                  </span>
                </div>
                <div
                  class="Mui-TableHeadCell-Content-Actions MuiBox-root css-epvm6"
                >
                  <button
                    aria-label="Move"
                    class="MuiButtonBase-root MuiIconButton-root MuiIconButton-sizeSmall css-1uxkzex-MuiButtonBase-root-MuiIconButton-root"
                    data-mui-internal-clone-element="true"
                    draggable="true"
                    tabindex="0"
                    type="button"
                  >
                    <svg
                      aria-hidden="true"
                      class="MuiSvgIcon-root MuiSvgIcon-fontSizeMedium css-i4bv87-MuiSvgIcon-root"
                      data-testid="DragHandleIcon"
                      focusable="false"
                      viewBox="0 0 24 24"
                    >
                      <path
                        d="M20 9H4v2h16zM4 15h16v-2H4z"
                      />
                    </svg>
                  </button>
                  <button
                    aria-label="Column Actions"
                    class="MuiButtonBase-root MuiIconButton-root MuiIconButton-sizeSmall css-1p8dotb-MuiButtonBase-root-MuiIconButton-root"
                    data-mui-internal-clone-element="true"
                    tabindex="0"
                    type="button"
                  >
                    <svg
                      aria-hidden="true"
                      class="MuiSvgIcon-root MuiSvgIcon-fontSizeMedium css-i4bv87-MuiSvgIcon-root"
                      data-testid="MoreVertIcon"
                      focusable="false"
                      style="transform: scale(0.9);"
                      viewBox="0 0 24 24"
                    >
                      <path
                        d="M12 8c1.1 0 2-.9 2-2s-.9-2-2-2-2 .9-2 2 .9 2 2 2m0 2c-1.1 0-2 .9-2 2s.9 2 2 2 2-.9 2-2-.9-2-2-2m0 6c-1.1 0-2 .9-2 2s.9 2 2 2 2-.9 2-2-.9-2-2-2"
                      />
                    </svg>
                    <span
                      class="MuiTouchRipple-root css-8je8zh-MuiTouchRipple-root"
                    />
                  </button>
                </div>
                <div
                  class="Mui-TableHeadCell-ResizeHandle-Wrapper MuiBox-root css-1ug570k"
                >
                  <hr
                    class="MuiDivider-root MuiDivider-fullWidth MuiDivider-vertical MuiDivider-flexItem Mui-TableHeadCell-ResizeHandle-Divider css-f5y87h-MuiDivider-root"
                  />
                </div>
              </div>
              <div
                class="MuiCollapse-root MuiCollapse-vertical MuiCollapse-entered css-pwcg7p-MuiCollapse-root"
                style="min-height: 0px;"
              >
                <div
                  class="MuiCollapse-wrapper MuiCollapse-vertical css-smkl36-MuiCollapse-wrapper"
                >
                  <div
                    class="MuiCollapse-wrapperInner MuiCollapse-vertical css-9l5vo-MuiCollapse-wrapperInner"
                  >
                    <div
                      class="MuiFormControl-root MuiFormControl-fullWidth MuiTextField-root css-jk1t0h-MuiFormControl-root-MuiTextField-root"
                    >
                      <div
                        class="MuiInputBase-root MuiInput-root MuiInput-underline MuiInputBase-colorPrimary MuiInputBase-fullWidth MuiInputBase-formControl MuiInputBase-adornedEnd css-953pxc-MuiInputBase-root-MuiInput-root"
                      >
                        <div
                          aria-controls=":r10:"
                          aria-expanded="false"
                          aria-haspopup="listbox"
                          aria-label="Filter by Is Defective"
                          aria-labelledby=":rv:"
                          class="MuiSelect-select MuiSelect-standard MuiInputBase-input MuiInput-input MuiInputBase-inputAdornedEnd css-2jdjhv-MuiSelect-select-MuiInputBase-input-MuiInput-input"
                          id=":rv:"
                          role="combobox"
                          tabindex="0"
                        >
                          <div
                            class="MuiBox-root css-1tzeee1"
                          >
                            Filter by Is Defective
                          </div>
                        </div>
                        <input
                          aria-hidden="true"
                          aria-invalid="false"
                          autocomplete="new-password"
                          class="MuiSelect-nativeInput css-yf8vq0-MuiSelect-nativeInput"
                          tabindex="-1"
                          title="Filter by Is Defective"
                          value=""
                        />
                        <svg
                          aria-hidden="true"
                          class="MuiSvgIcon-root MuiSvgIcon-fontSizeMedium MuiSelect-icon MuiSelect-iconStandard css-pqjvzy-MuiSvgIcon-root-MuiSelect-icon"
                          data-testid="ArrowDropDownIcon"
                          focusable="false"
                          viewBox="0 0 24 24"
                        >
                          <path
                            d="M7 10l5 5 5-5z"
                          />
                        </svg>
                        <div
                          class="MuiInputAdornment-root MuiInputAdornment-positionEnd MuiInputAdornment-standard MuiInputAdornment-sizeMedium css-3yq2xl-MuiInputAdornment-root"
                        >
                          <span
                            aria-label="Clear filter"
                            class=""
                            data-mui-internal-clone-element="true"
                          >
                            <button
                              aria-label="Clear filter"
                              class="MuiButtonBase-root Mui-disabled MuiIconButton-root Mui-disabled MuiIconButton-sizeSmall css-1so9ih7-MuiButtonBase-root-MuiIconButton-root"
                              disabled=""
                              tabindex="-1"
                              type="button"
                            >
                              <svg
                                aria-hidden="true"
                                class="MuiSvgIcon-root MuiSvgIcon-fontSizeMedium css-i4bv87-MuiSvgIcon-root"
                                data-testid="CloseIcon"
                                focusable="false"
                                viewBox="0 0 24 24"
                              >
                                <path
                                  d="M19 6.41 17.59 5 12 10.59 6.41 5 5 6.41 10.59 12 5 17.59 6.41 19 12 13.41 17.59 19 19 17.59 13.41 12z"
                                />
                              </svg>
                            </button>
                          </span>
                        </div>
                      </div>
                    </div>
                  </div>
                </div>
              </div>
            </th>
            <th
              class="MuiTableCell-root MuiTableCell-head MuiTableCell-stickyHeader MuiTableCell-alignLeft MuiTableCell-sizeMedium css-199mejp-MuiTableCell-root"
              colspan="1"
              data-index="7"
              scope="col"
            >
              <div
                class="Mui-TableHeadCell-Content MuiBox-root css-c8wlay"
              >
                <div
                  class="Mui-TableHeadCell-Content-Labels MuiBox-root css-68rqdf"
                >
                  <div
                    class="Mui-TableHeadCell-Content-Wrapper MuiBox-root css-lapokc"
                  >
                    Usage Status
                  </div>
                  <span
                    aria-label="Sort by Usage Status ascending"
                    class="MuiBadge-root css-1c32n2y-MuiBadge-root"
                    data-mui-internal-clone-element="true"
                  >
                    <span
                      aria-label="Sort by Usage Status ascending"
                      class="MuiButtonBase-root MuiTableSortLabel-root Mui-active css-118d58w-MuiButtonBase-root-MuiTableSortLabel-root"
                      role="button"
                      tabindex="0"
                    >
                      <svg
                        aria-hidden="true"
                        class="MuiSvgIcon-root MuiSvgIcon-fontSizeMedium MuiTableSortLabel-icon MuiTableSortLabel-iconDirectionAsc css-1vweko9-MuiSvgIcon-root-MuiTableSortLabel-icon"
                        data-testid="SyncAltIcon"
                        focusable="false"
                        style="transform: rotate(-90deg) scaleX(0.9) translateX(-1px);"
                        viewBox="0 0 24 24"
                      >
                        <path
                          d="m18 12 4-4-4-4v3H3v2h15zM6 12l-4 4 4 4v-3h15v-2H6z"
                        />
                      </svg>
                    </span>
                    <span
                      class="MuiBadge-badge MuiBadge-standard MuiBadge-invisible MuiBadge-anchorOriginTopRight MuiBadge-anchorOriginTopRightCircular MuiBadge-overlapCircular css-2v5rxe-MuiBadge-badge"
                    >
                      0
                    </span>
                  </span>
                </div>
                <div
                  class="Mui-TableHeadCell-Content-Actions MuiBox-root css-epvm6"
                >
                  <button
                    aria-label="Move"
                    class="MuiButtonBase-root MuiIconButton-root MuiIconButton-sizeSmall css-1uxkzex-MuiButtonBase-root-MuiIconButton-root"
                    data-mui-internal-clone-element="true"
                    draggable="true"
                    tabindex="0"
                    type="button"
                  >
                    <svg
                      aria-hidden="true"
                      class="MuiSvgIcon-root MuiSvgIcon-fontSizeMedium css-i4bv87-MuiSvgIcon-root"
                      data-testid="DragHandleIcon"
                      focusable="false"
                      viewBox="0 0 24 24"
                    >
                      <path
                        d="M20 9H4v2h16zM4 15h16v-2H4z"
                      />
                    </svg>
                  </button>
                  <button
                    aria-label="Column Actions"
                    class="MuiButtonBase-root MuiIconButton-root MuiIconButton-sizeSmall css-1p8dotb-MuiButtonBase-root-MuiIconButton-root"
                    data-mui-internal-clone-element="true"
                    tabindex="0"
                    type="button"
                  >
                    <svg
                      aria-hidden="true"
                      class="MuiSvgIcon-root MuiSvgIcon-fontSizeMedium css-i4bv87-MuiSvgIcon-root"
                      data-testid="MoreVertIcon"
                      focusable="false"
                      style="transform: scale(0.9);"
                      viewBox="0 0 24 24"
                    >
                      <path
                        d="M12 8c1.1 0 2-.9 2-2s-.9-2-2-2-2 .9-2 2 .9 2 2 2m0 2c-1.1 0-2 .9-2 2s.9 2 2 2 2-.9 2-2-.9-2-2-2m0 6c-1.1 0-2 .9-2 2s.9 2 2 2 2-.9 2-2-.9-2-2-2"
                      />
                    </svg>
                    <span
                      class="MuiTouchRipple-root css-8je8zh-MuiTouchRipple-root"
                    />
                  </button>
                </div>
                <div
                  class="Mui-TableHeadCell-ResizeHandle-Wrapper MuiBox-root css-1ug570k"
                >
                  <hr
                    class="MuiDivider-root MuiDivider-fullWidth MuiDivider-vertical MuiDivider-flexItem Mui-TableHeadCell-ResizeHandle-Divider css-f5y87h-MuiDivider-root"
                  />
                </div>
              </div>
              <div
                class="MuiCollapse-root MuiCollapse-vertical MuiCollapse-entered css-pwcg7p-MuiCollapse-root"
                style="min-height: 0px;"
              >
                <div
                  class="MuiCollapse-wrapper MuiCollapse-vertical css-smkl36-MuiCollapse-wrapper"
                >
                  <div
                    class="MuiCollapse-wrapperInner MuiCollapse-vertical css-9l5vo-MuiCollapse-wrapperInner"
                  >
                    <div
                      class="MuiFormControl-root MuiFormControl-fullWidth MuiTextField-root css-jk1t0h-MuiFormControl-root-MuiTextField-root"
                    >
                      <div
                        class="MuiInputBase-root MuiInput-root MuiInput-underline MuiInputBase-colorPrimary MuiInputBase-fullWidth MuiInputBase-formControl MuiInputBase-adornedEnd css-953pxc-MuiInputBase-root-MuiInput-root"
                      >
                        <div
                          aria-controls=":r16:"
                          aria-expanded="false"
                          aria-haspopup="listbox"
                          aria-label="Filter by Usage Status"
                          aria-labelledby=":r15:"
                          class="MuiSelect-select MuiSelect-standard MuiInputBase-input MuiInput-input MuiInputBase-inputAdornedEnd css-2jdjhv-MuiSelect-select-MuiInputBase-input-MuiInput-input"
                          id=":r15:"
                          role="combobox"
                          tabindex="0"
                        >
                          <div
                            class="MuiBox-root css-1tzeee1"
                          >
                            Filter by Usage Status
                          </div>
                        </div>
                        <input
                          aria-hidden="true"
                          aria-invalid="false"
                          autocomplete="new-password"
                          class="MuiSelect-nativeInput css-yf8vq0-MuiSelect-nativeInput"
                          tabindex="-1"
                          title="Filter by Usage Status"
                          value=""
                        />
                        <svg
                          aria-hidden="true"
                          class="MuiSvgIcon-root MuiSvgIcon-fontSizeMedium MuiSelect-icon MuiSelect-iconStandard css-pqjvzy-MuiSvgIcon-root-MuiSelect-icon"
                          data-testid="ArrowDropDownIcon"
                          focusable="false"
                          viewBox="0 0 24 24"
                        >
                          <path
                            d="M7 10l5 5 5-5z"
                          />
                        </svg>
                        <div
                          class="MuiInputAdornment-root MuiInputAdornment-positionEnd MuiInputAdornment-standard MuiInputAdornment-sizeMedium css-3yq2xl-MuiInputAdornment-root"
                        >
                          <span
                            aria-label="Clear filter"
                            class=""
                            data-mui-internal-clone-element="true"
                          >
                            <button
                              aria-label="Clear filter"
                              class="MuiButtonBase-root Mui-disabled MuiIconButton-root Mui-disabled MuiIconButton-sizeSmall css-1so9ih7-MuiButtonBase-root-MuiIconButton-root"
                              disabled=""
                              tabindex="-1"
                              type="button"
                            >
                              <svg
                                aria-hidden="true"
                                class="MuiSvgIcon-root MuiSvgIcon-fontSizeMedium css-i4bv87-MuiSvgIcon-root"
                                data-testid="CloseIcon"
                                focusable="false"
                                viewBox="0 0 24 24"
                              >
                                <path
                                  d="M19 6.41 17.59 5 12 10.59 6.41 5 5 6.41 10.59 12 5 17.59 6.41 19 12 13.41 17.59 19 19 17.59 13.41 12z"
                                />
                              </svg>
                            </button>
                          </span>
                        </div>
                      </div>
                    </div>
                  </div>
                </div>
              </div>
            </th>
            <th
              class="MuiTableCell-root MuiTableCell-head MuiTableCell-stickyHeader MuiTableCell-alignLeft MuiTableCell-sizeMedium css-1mc0kk9-MuiTableCell-root"
              colspan="1"
              data-index="8"
              scope="col"
            >
              <div
                class="Mui-TableHeadCell-Content MuiBox-root css-1w86f15"
              >
                <div
                  class="Mui-TableHeadCell-Content-Labels MuiBox-root css-4ng264"
                >
                  <div
                    class="Mui-TableHeadCell-Content-Wrapper MuiBox-root css-10aqj5p"
                  />
                </div>
                <div
                  class="Mui-TableHeadCell-Content-Actions MuiBox-root css-epvm6"
                />
              </div>
            </th>
          </tr>
        </thead>
        <tbody
          class="MuiTableBody-root css-129p5vw-MuiTableBody-root"
        >
          <tr
            class="MuiTableRow-root css-1hdg57s-MuiTableRow-root"
            data-index="0"
          >
            <td
              class="MuiTableCell-root MuiTableCell-body MuiTableCell-alignLeft MuiTableCell-sizeMedium css-1qa3y6f-MuiTableCell-root"
              data-index="0"
            >
              <a
                class="MuiTypography-root MuiTypography-inherit MuiLink-root MuiLink-underlineHover css-lden2s-MuiTypography-root-MuiLink-root"
                href="/catalogue/item/21"
              >
                Turbomolecular Pumps 42
              </a>
               (1)
            </td>
            <td
              class="MuiTableCell-root MuiTableCell-body MuiTableCell-alignLeft MuiTableCell-sizeMedium css-lcy7n-MuiTableCell-root"
              data-index="1"
            >
              <span
                aria-label="Expand"
                class=""
                data-mui-internal-clone-element="true"
              >
                <button
                  aria-label="Expand"
                  class="MuiButtonBase-root MuiIconButton-root MuiIconButton-sizeMedium css-ejxhte-MuiButtonBase-root-MuiIconButton-root"
                  tabindex="0"
                  type="button"
                >
                  <svg
                    aria-hidden="true"
                    class="MuiSvgIcon-root MuiSvgIcon-fontSizeMedium css-i4bv87-MuiSvgIcon-root"
                    data-testid="ExpandMoreIcon"
                    focusable="false"
                    style="transform: rotate(0deg); transition: transform 150ms;"
                    viewBox="0 0 24 24"
                  >
                    <path
                      d="M16.59 8.59 12 13.17 7.41 8.59 6 10l6 6 6-6z"
                    />
                  </svg>
                  <span
                    class="MuiTouchRipple-root css-8je8zh-MuiTouchRipple-root"
                  />
                </button>
              </span>
            </td>
            <td
              class="MuiTableCell-root MuiTableCell-body MuiTableCell-alignLeft MuiTableCell-sizeMedium css-123c2sw-MuiTableCell-root"
              data-index="2"
            >
              <span
                aria-label="Toggle select row"
                class="MuiButtonBase-root MuiCheckbox-root MuiCheckbox-colorPrimary MuiCheckbox-sizeMedium PrivateSwitchBase-root MuiCheckbox-root MuiCheckbox-colorPrimary MuiCheckbox-sizeMedium MuiCheckbox-root MuiCheckbox-colorPrimary MuiCheckbox-sizeMedium css-h5odmr-MuiButtonBase-root-MuiCheckbox-root"
                data-mui-internal-clone-element="true"
              >
                <input
                  aria-label="Toggle select row"
                  class="PrivateSwitchBase-input css-1m9pwf3"
                  data-indeterminate="false"
                  type="checkbox"
                />
                <svg
                  aria-hidden="true"
                  class="MuiSvgIcon-root MuiSvgIcon-fontSizeMedium css-i4bv87-MuiSvgIcon-root"
                  data-testid="CheckBoxOutlineBlankIcon"
                  focusable="false"
                  viewBox="0 0 24 24"
                >
                  <path
                    d="M19 5v14H5V5h14m0-2H5c-1.1 0-2 .9-2 2v14c0 1.1.9 2 2 2h14c1.1 0 2-.9 2-2V5c0-1.1-.9-2-2-2z"
                  />
                </svg>
                <span
                  class="MuiTouchRipple-root css-8je8zh-MuiTouchRipple-root"
                />
              </span>
            </td>
            <td
              class="MuiTableCell-root MuiTableCell-body MuiTableCell-alignLeft MuiTableCell-sizeMedium css-8bgmer-MuiTableCell-root"
              data-index="3"
            />
            <td
              class="MuiTableCell-root MuiTableCell-body MuiTableCell-alignLeft MuiTableCell-sizeMedium css-dxw051-MuiTableCell-root"
              data-index="4"
            />
            <td
              class="MuiTableCell-root MuiTableCell-body MuiTableCell-alignLeft MuiTableCell-sizeMedium css-43qbe1-MuiTableCell-root"
              data-index="5"
            />
            <td
              class="MuiTableCell-root MuiTableCell-body MuiTableCell-alignLeft MuiTableCell-sizeMedium css-19ykz2l-MuiTableCell-root"
              data-index="6"
            />
            <td
              class="MuiTableCell-root MuiTableCell-body MuiTableCell-alignLeft MuiTableCell-sizeMedium css-9g11ld-MuiTableCell-root"
              data-index="7"
            />
            <td
              class="MuiTableCell-root MuiTableCell-body MuiTableCell-alignLeft MuiTableCell-sizeMedium css-sui33z-MuiTableCell-root"
              data-index="8"
            />
          </tr>
          <tr
            class="MuiTableRow-root css-1hdg57s-MuiTableRow-root"
            data-index="2"
          >
            <td
              class="MuiTableCell-root MuiTableCell-body MuiTableCell-alignLeft MuiTableCell-sizeMedium css-1qa3y6f-MuiTableCell-root"
              data-index="0"
            >
              <a
                class="MuiTypography-root MuiTypography-inherit MuiLink-root MuiLink-underlineHover css-lden2s-MuiTypography-root-MuiLink-root"
                href="/catalogue/item/22"
              >
                Turbomolecular Pumps 43
              </a>
               (2)
            </td>
            <td
              class="MuiTableCell-root MuiTableCell-body MuiTableCell-alignLeft MuiTableCell-sizeMedium css-lcy7n-MuiTableCell-root"
              data-index="1"
            >
              <span
                aria-label="Expand"
                class=""
                data-mui-internal-clone-element="true"
              >
                <button
                  aria-label="Expand"
                  class="MuiButtonBase-root MuiIconButton-root MuiIconButton-sizeMedium css-ejxhte-MuiButtonBase-root-MuiIconButton-root"
                  tabindex="0"
                  type="button"
                >
                  <svg
                    aria-hidden="true"
                    class="MuiSvgIcon-root MuiSvgIcon-fontSizeMedium css-i4bv87-MuiSvgIcon-root"
                    data-testid="ExpandMoreIcon"
                    focusable="false"
                    style="transform: rotate(0deg); transition: transform 150ms;"
                    viewBox="0 0 24 24"
                  >
                    <path
                      d="M16.59 8.59 12 13.17 7.41 8.59 6 10l6 6 6-6z"
                    />
                  </svg>
                  <span
                    class="MuiTouchRipple-root css-8je8zh-MuiTouchRipple-root"
                  />
                </button>
              </span>
            </td>
            <td
              class="MuiTableCell-root MuiTableCell-body MuiTableCell-alignLeft MuiTableCell-sizeMedium css-123c2sw-MuiTableCell-root"
              data-index="2"
            >
              <span
                aria-label="Toggle select row"
                class="MuiButtonBase-root MuiCheckbox-root MuiCheckbox-colorPrimary MuiCheckbox-sizeMedium PrivateSwitchBase-root MuiCheckbox-root MuiCheckbox-colorPrimary MuiCheckbox-sizeMedium MuiCheckbox-root MuiCheckbox-colorPrimary MuiCheckbox-sizeMedium css-h5odmr-MuiButtonBase-root-MuiCheckbox-root"
                data-mui-internal-clone-element="true"
              >
                <input
                  aria-label="Toggle select row"
                  class="PrivateSwitchBase-input css-1m9pwf3"
                  data-indeterminate="false"
                  type="checkbox"
                />
                <svg
                  aria-hidden="true"
                  class="MuiSvgIcon-root MuiSvgIcon-fontSizeMedium css-i4bv87-MuiSvgIcon-root"
                  data-testid="CheckBoxOutlineBlankIcon"
                  focusable="false"
                  viewBox="0 0 24 24"
                >
                  <path
                    d="M19 5v14H5V5h14m0-2H5c-1.1 0-2 .9-2 2v14c0 1.1.9 2 2 2h14c1.1 0 2-.9 2-2V5c0-1.1-.9-2-2-2z"
                  />
                </svg>
                <span
                  class="MuiTouchRipple-root css-8je8zh-MuiTouchRipple-root"
                />
              </span>
            </td>
            <td
              class="MuiTableCell-root MuiTableCell-body MuiTableCell-alignLeft MuiTableCell-sizeMedium css-8bgmer-MuiTableCell-root"
              data-index="3"
            />
            <td
              class="MuiTableCell-root MuiTableCell-body MuiTableCell-alignLeft MuiTableCell-sizeMedium css-dxw051-MuiTableCell-root"
              data-index="4"
            />
            <td
              class="MuiTableCell-root MuiTableCell-body MuiTableCell-alignLeft MuiTableCell-sizeMedium css-43qbe1-MuiTableCell-root"
              data-index="5"
            />
            <td
              class="MuiTableCell-root MuiTableCell-body MuiTableCell-alignLeft MuiTableCell-sizeMedium css-19ykz2l-MuiTableCell-root"
              data-index="6"
            />
            <td
              class="MuiTableCell-root MuiTableCell-body MuiTableCell-alignLeft MuiTableCell-sizeMedium css-9g11ld-MuiTableCell-root"
              data-index="7"
            />
            <td
              class="MuiTableCell-root MuiTableCell-body MuiTableCell-alignLeft MuiTableCell-sizeMedium css-sui33z-MuiTableCell-root"
              data-index="8"
            />
          </tr>
        </tbody>
        <tfoot
          class="MuiTableFooter-root css-4ar9ic-MuiTableFooter-root"
        />
      </table>
    </div>
    <div
      class="MuiBox-root css-10gei56"
    >
      <div
        class="MuiCollapse-root MuiCollapse-vertical MuiCollapse-entered css-pwcg7p-MuiCollapse-root"
        style="min-height: 0px;"
      >
        <div
          class="MuiCollapse-wrapper MuiCollapse-vertical css-smkl36-MuiCollapse-wrapper"
        >
          <div
            class="MuiCollapse-wrapperInner MuiCollapse-vertical css-9l5vo-MuiCollapse-wrapperInner"
          >
            <div
              class="MuiPaper-root MuiPaper-elevation MuiPaper-rounded MuiPaper-elevation0 MuiAlert-root MuiAlert-standardInfo MuiAlert-standard css-gvra48-MuiPaper-root-MuiAlert-root"
              role="alert"
            >
              <div
                class="MuiAlert-message css-1pxa9xg-MuiAlert-message"
              >
                <div
                  class="MuiStack-root css-5kul5x-MuiStack-root"
                >
                  <div
                    class="MuiBox-root css-k008qs"
                  >
                     
                  </div>
                  <span>
                    Grouped by  
                    <div
                      class="MuiButtonBase-root MuiChip-root MuiChip-filled MuiChip-sizeMedium MuiChip-colorDefault MuiChip-deletable MuiChip-deletableColorDefault MuiChip-filledDefault css-38raov-MuiButtonBase-root-MuiChip-root"
                      role="button"
                      tabindex="0"
                    >
                      <span
                        class="MuiChip-label MuiChip-labelMedium css-6od3lo-MuiChip-label"
                      >
                        Catalogue Item
                      </span>
                      <svg
                        aria-hidden="true"
                        class="MuiSvgIcon-root MuiSvgIcon-fontSizeMedium MuiChip-deleteIcon MuiChip-deleteIconMedium MuiChip-deleteIconColorDefault MuiChip-deleteIconFilledColorDefault css-i4bv87-MuiSvgIcon-root"
                        data-testid="CancelIcon"
                        focusable="false"
                        viewBox="0 0 24 24"
                      >
                        <path
                          d="M12 2C6.47 2 2 6.47 2 12s4.47 10 10 10 10-4.47 10-10S17.53 2 12 2zm5 13.59L15.59 17 12 13.41 8.41 17 7 15.59 10.59 12 7 8.41 8.41 7 12 10.59 15.59 7 17 8.41 13.41 12 17 15.59z"
                        />
                      </svg>
                    </div>
                  </span>
                </div>
              </div>
            </div>
          </div>
        </div>
      </div>
      <div
        class="MuiBox-root css-1llu0od"
      >
        <span />
        <div
          class="MuiBox-root css-qpxlqp"
        >
          <div
            class="MuiTablePagination-root MuiBox-root css-8k4lth"
          >
            <div
              class="MuiBox-root css-exd1zr"
            >
              <label
                class="MuiFormLabel-root MuiInputLabel-root MuiInputLabel-animated MuiFormLabel-colorPrimary MuiInputLabel-root MuiInputLabel-animated css-uqq6zz-MuiFormLabel-root-MuiInputLabel-root"
                for="mrt-rows-per-page"
              >
                Rows per page
              </label>
              <div
                class="MuiInputBase-root MuiInput-root MuiInputBase-colorPrimary  css-1mmm5cp-MuiInputBase-root-MuiInput-root-MuiSelect-root"
              >
                <div
                  aria-controls=":r18:"
                  aria-expanded="false"
                  aria-haspopup="listbox"
                  aria-label="Rows per page"
                  class="MuiSelect-select MuiSelect-standard MuiInputBase-input MuiInput-input css-1rxz5jq-MuiSelect-select-MuiInputBase-input-MuiInput-input"
                  role="combobox"
                  tabindex="0"
                >
                  15
                </div>
                <input
                  aria-hidden="true"
                  aria-invalid="false"
                  class="MuiSelect-nativeInput css-yf8vq0-MuiSelect-nativeInput"
                  id="mrt-rows-per-page"
                  tabindex="-1"
                  value="15"
                />
                <svg
                  aria-hidden="true"
                  class="MuiSvgIcon-root MuiSvgIcon-fontSizeMedium MuiSelect-icon MuiSelect-iconStandard css-pqjvzy-MuiSvgIcon-root-MuiSelect-icon"
                  data-testid="ArrowDropDownIcon"
                  focusable="false"
                  viewBox="0 0 24 24"
                >
                  <path
                    d="M7 10l5 5 5-5z"
                  />
                </svg>
              </div>
            </div>
            <nav
              aria-label="pagination navigation"
              class="MuiPagination-root MuiPagination-outlined css-1oj2twp-MuiPagination-root"
            >
              <ul
                class="MuiPagination-ul css-wjh20t-MuiPagination-ul"
              >
                <li>
                  <button
                    aria-label="Go to previous page"
                    class="MuiButtonBase-root Mui-disabled MuiPaginationItem-root MuiPaginationItem-sizeMedium MuiPaginationItem-outlined MuiPaginationItem-rounded MuiPaginationItem-colorSecondary MuiPaginationItem-outlinedSecondary Mui-disabled MuiPaginationItem-previousNext css-iqeo3-MuiButtonBase-root-MuiPaginationItem-root"
                    disabled=""
                    tabindex="-1"
                    type="button"
                  >
                    <svg
                      aria-hidden="true"
                      class="MuiSvgIcon-root MuiSvgIcon-fontSizeMedium MuiPaginationItem-icon css-g2z002-MuiSvgIcon-root-MuiPaginationItem-icon"
                      data-testid="ChevronLeftIcon"
                      focusable="false"
                      viewBox="0 0 24 24"
                    >
                      <path
                        d="M15.41 7.41 14 6l-6 6 6 6 1.41-1.41L10.83 12z"
                      />
                    </svg>
                  </button>
                </li>
                <li>
                  <button
                    aria-current="true"
                    aria-label="page 1"
                    class="MuiButtonBase-root MuiPaginationItem-root MuiPaginationItem-sizeMedium MuiPaginationItem-outlined MuiPaginationItem-rounded MuiPaginationItem-colorSecondary MuiPaginationItem-outlinedSecondary Mui-selected MuiPaginationItem-page css-iqeo3-MuiButtonBase-root-MuiPaginationItem-root"
                    tabindex="0"
                    type="button"
                  >
                    1
                    <span
                      class="MuiTouchRipple-root css-8je8zh-MuiTouchRipple-root"
                    />
                  </button>
                </li>
                <li>
                  <button
                    aria-label="Go to next page"
                    class="MuiButtonBase-root Mui-disabled MuiPaginationItem-root MuiPaginationItem-sizeMedium MuiPaginationItem-outlined MuiPaginationItem-rounded MuiPaginationItem-colorSecondary MuiPaginationItem-outlinedSecondary Mui-disabled MuiPaginationItem-previousNext css-iqeo3-MuiButtonBase-root-MuiPaginationItem-root"
                    disabled=""
                    tabindex="-1"
                    type="button"
                  >
                    <svg
                      aria-hidden="true"
                      class="MuiSvgIcon-root MuiSvgIcon-fontSizeMedium MuiPaginationItem-icon css-g2z002-MuiSvgIcon-root-MuiPaginationItem-icon"
                      data-testid="ChevronRightIcon"
                      focusable="false"
                      viewBox="0 0 24 24"
                    >
                      <path
                        d="M10 6 8.59 7.41 13.17 12l-4.58 4.59L10 18l6-6z"
                      />
                    </svg>
                  </button>
                </li>
              </ul>
            </nav>
          </div>
        </div>
      </div>
    </div>
  </div>
</DocumentFragment>
`;
