// Vitest Snapshot v1, https://vitest.dev/guide/snapshot.html

exports[`Upload attachment dialog > renders dialog correctly 1`] = `
<body
  style="padding-right: 1024px; overflow: hidden;"
>
  <div
    aria-hidden="true"
  />
  <div
    class="MuiDialog-root MuiModal-root css-zw3mfo-MuiModal-root-MuiDialog-root"
    role="presentation"
  >
    <div
      aria-hidden="true"
      class="MuiBackdrop-root MuiModal-backdrop css-yiavyu-MuiBackdrop-root-MuiDialog-backdrop"
      style="opacity: 1; webkit-transition: opacity 225ms cubic-bezier(0.4, 0, 0.2, 1) 0ms; transition: opacity 225ms cubic-bezier(0.4, 0, 0.2, 1) 0ms;"
    />
    <div
      data-testid="sentinelStart"
      tabindex="0"
    />
    <div
      class="MuiDialog-container MuiDialog-scrollPaper css-hz1bth-MuiDialog-container"
      role="presentation"
      style="opacity: 1; webkit-transition: opacity 225ms cubic-bezier(0.4, 0, 0.2, 1) 0ms; transition: opacity 225ms cubic-bezier(0.4, 0, 0.2, 1) 0ms;"
      tabindex="-1"
    >
      <div
        aria-labelledby=":r0:"
        class="MuiPaper-root MuiPaper-elevation MuiPaper-rounded MuiPaper-elevation24 MuiDialog-paper MuiDialog-paperScrollPaper MuiDialog-paperWidthMd MuiDialog-paperFullWidth css-rnmm7m-MuiPaper-root-MuiDialog-paper"
        role="dialog"
      >
        <h2
          class="MuiTypography-root MuiTypography-h6 MuiDialogTitle-root css-bdhsul-MuiTypography-root-MuiDialogTitle-root"
          id=":r0:"
        >
          Upload Attachments
        </h2>
        <div
          class="MuiDialogContent-root css-thk4mm-MuiDialogContent-root"
        >
          <div
            class="uppy-Container"
          >
            <div
              class="uppy-Root"
              dir="ltr"
            >
              <div
                aria-disabled="false"
                aria-hidden="false"
                aria-label="Uppy Dashboard"
                class="uppy-Dashboard uppy-Dashboard--animateOpenClose"
                data-uppy-drag-drop-supported="true"
                data-uppy-num-acquirers="0"
                data-uppy-theme="light"
              >
                <div
                  aria-hidden="true"
                  class="uppy-Dashboard-overlay"
                  tabindex="-1"
                />
                <div
                  aria-modal="false"
                  class="uppy-Dashboard-inner"
                  style="width: 750px; height: 550px;"
                >
                  <div
                    class="uppy-Dashboard-innerWrap"
                  >
                    <div
                      class="uppy-Dashboard-dropFilesHereHint"
                    >
                      Drop your files here
                    </div>
                    <div
                      class="uppy-Dashboard-AddFiles"
                    >
                      <input
                        aria-hidden="true"
                        class="uppy-Dashboard-input"
                        hidden=""
                        multiple=""
                        name="files[]"
                        tabindex="-1"
                        type="file"
                      />
                      <input
                        aria-hidden="true"
                        class="uppy-Dashboard-input"
                        hidden=""
                        multiple=""
                        name="files[]"
                        tabindex="-1"
                        type="file"
                        webkitdirectory="true"
                      />
                      <div
                        class="uppy-Dashboard-AddFiles-title"
                      >
                        Drop files here or 
                        <button
                          class="uppy-u-reset uppy-c-btn uppy-Dashboard-browse"
                          data-uppy-super-focusable="true"
                          type="button"
                        >
                          browse files
                        </button>
                      </div>
                      <div
                        class="uppy-Dashboard-AddFiles-list"
                        role="tablist"
                      >
                        <span
                          role="presentation"
                          style="white-space: nowrap;"
                        />
                      </div>
                      <div
                        class="uppy-Dashboard-AddFiles-info"
                      >
                        <div
                          class="uppy-Dashboard-note"
                        >
                          Files cannot be larger than 100MB
                        </div>
                      </div>
                    </div>
                    <div
                      class="uppy-Dashboard-progressindicators"
                    >
                      <div
                        aria-hidden="true"
                        class="uppy-StatusBar is-waiting"
                      >
                        <div
                          aria-label="0%"
                          aria-valuemax="100"
                          aria-valuemin="0"
                          aria-valuenow="0"
                          aria-valuetext="0%"
                          class="uppy-StatusBar-progress"
                          role="progressbar"
                          style="width: 0%;"
                        />
                        <div
                          class="uppy-StatusBar-actions"
                        />
                      </div>
                      <div
                        class="uppy uppy-Informer"
                      >
                        <span />
                      </div>
                    </div>
                  </div>
                </div>
              </div>
            </div>
          </div>
        </div>
        <div
          class="MuiDialogActions-root MuiDialogActions-spacing css-knqc4i-MuiDialogActions-root"
        >
          <button
            class="MuiButtonBase-root MuiButton-root MuiButton-text MuiButton-textSecondary MuiButton-sizeMedium MuiButton-textSizeMedium MuiButton-colorSecondary MuiButton-root MuiButton-text MuiButton-textSecondary MuiButton-sizeMedium MuiButton-textSizeMedium MuiButton-colorSecondary css-12k9yya-MuiButtonBase-root-MuiButton-root"
            tabindex="0"
            type="button"
          >
            Close
            <span
              class="MuiTouchRipple-root css-8je8zh-MuiTouchRipple-root"
            />
          </button>
        </div>
      </div>
    </div>
    <div
      data-testid="sentinelEnd"
      tabindex="0"
    />
  </div>
</body>
`;
